[clean] ION clean (usage=0), no stale holders
===== M2 24-layer prefill + LM head (TIU Path A', 3-prompt regression) =====
loaded esc/frms/biases (721920 B)
lmhead2 loaded (C=1024 Kc=128; centroid fp16+idx ~1.76MB, placement after CVI_RT_Init; embed_cl mmap'd)
BUILD: stage1 = h·centroid [CPU dot, ION-fp16 resident preferred]
  [start] Summary:
  [start] [0] carveout heap size:28102656 bytes, used:0 bytes
  [start] usage rate:0%, memory usage peak 26427392 bytes
  [start] 
  [start] Details:
  [start]          heap_id   alloc_buf_size         phy_addr         kmap_cnt      buffer name
  [start] 
  [start] 
  [start] minimum ion allocate unit = 4096
  [start] free memory regions:
  [start]          heap_id            start              end           length
  [start]                0         82473000         83f40000         28102656
  [start] 
layer file size = 8393728 B
GSC_ION: cached 931840 B/layer x24 = 21.33 MiB in ION
GSC_ION load done in 1.268s
  [centroid] ION fp16 resident: 1.75 MB (free_ion=5476352 B); stage1 f16->f32 on-the-fly
header.cpu_desc_count = 1
header.bd_desc_count = 1
header.tdma_desc_count = 3
header.cpu_desc_count = 1
header.bd_desc_count = 1
header.tdma_desc_count = 3
header.cpu_desc_count = 1
header.bd_desc_count = 1
header.tdma_desc_count = 3
header.cpu_desc_count = 1
header.bd_desc_count = 1
header.tdma_desc_count = 3
header.cpu_desc_count = 1
header.bd_desc_count = 1
header.tdma_desc_count = 3
header.cpu_desc_count = 1
header.bd_desc_count = 1
header.tdma_desc_count = 3
header.cpu_desc_count = 1
header.bd_desc_count = 1
header.tdma_desc_count = 3
header.cpu_desc_count = 1
header.bd_desc_count = 1
header.tdma_desc_count = 3
header.cpu_desc_count = 1
header.bd_desc_count = 1
header.tdma_desc_count = 3
header.cpu_desc_count = 1
header.bd_desc_count = 1
header.tdma_desc_count = 3
header.cpu_desc_count = 1
header.bd_desc_count = 1
header.tdma_desc_count = 3
header.cpu_desc_count = 1
header.bd_desc_count = 1
header.tdma_desc_count = 3
header.cpu_desc_count = 1
header.bd_desc_count = 1
header.tdma_desc_count = 3
header.cpu_desc_count = 1
header.bd_desc_count = 1
header.tdma_desc_count = 3
header.cpu_desc_count = 1
header.bd_desc_count = 1
header.tdma_desc_count = 3
header.cpu_desc_count = 1
header.bd_desc_count = 1
header.tdma_desc_count = 3
header.cpu_desc_count = 1
header.bd_desc_count = 1
header.tdma_desc_count = 3
header.cpu_desc_count = 1
header.bd_desc_count = 1
header.tdma_desc_count = 3
header.cpu_desc_count = 1
header.bd_desc_count = 1
header.tdma_desc_count = 3
header.cpu_desc_count = 1
header.bd_desc_count = 1
header.tdma_desc_count = 3
header.cpu_desc_count = 1
header.bd_desc_count = 1
header.tdma_desc_count = 3
header.cpu_desc_count = 1
header.bd_desc_count = 1
header.tdma_desc_count = 3
header.cpu_desc_count = 1
header.bd_desc_count = 1
header.tdma_desc_count = 3
header.cpu_desc_count = 1
header.bd_desc_count = 1
header.tdma_desc_count = 3
header.cpu_desc_count = 1
header.bd_desc_count = 1
header.tdma_desc_count = 3
header.cpu_desc_count = 1
header.bd_desc_count = 1
header.tdma_desc_count = 3
header.cpu_desc_count = 1
header.bd_desc_count = 1
header.tdma_desc_count = 3
header.cpu_desc_count = 1
header.bd_desc_count = 1
header.tdma_desc_count = 3
header.cpu_desc_count = 1
header.bd_desc_count = 1
header.tdma_desc_count = 3
header.cpu_desc_count = 1
header.bd_desc_count = 1
header.tdma_desc_count = 3
header.cpu_desc_count = 1
header.bd_desc_count = 1
header.tdma_desc_count = 3
header.cpu_desc_count = 1
header.bd_desc_count = 1
header.tdma_desc_count = 3
header.cpu_desc_count = 1
header.bd_desc_count = 1
header.tdma_desc_count = 3
header.cpu_desc_count = 1
header.bd_desc_count = 1
header.tdma_desc_count = 3
header.cpu_desc_count = 1
header.bd_desc_count = 1
header.tdma_desc_count = 3
header.cpu_desc_count = 1
header.bd_desc_count = 1
header.tdma_desc_count = 3
header.cpu_desc_count = 1
header.bd_desc_count = 1
header.tdma_desc_count = 3
header.cpu_desc_count = 1
header.bd_desc_count = 1
header.tdma_desc_count = 3
header.cpu_desc_count = 1
header.bd_desc_count = 1
header.tdma_desc_count = 3
header.cpu_desc_count = 1
header.bd_desc_count = 1
header.tdma_desc_count = 3
header.cpu_desc_count = 1
header.bd_desc_count = 1
header.tdma_desc_count = 3
header.cpu_desc_count = 1
header.bd_desc_count = 1
header.tdma_desc_count = 3
header.cpu_desc_count = 1
header.bd_desc_count = 1
header.tdma_desc_count = 3
header.cpu_desc_count = 1
header.bd_desc_count = 1
header.tdma_desc_count = 3
header.cpu_desc_count = 1
header.bd_desc_count = 1
header.tdma_desc_count = 3
header.cpu_desc_count = 1
header.bd_desc_count = 1
header.tdma_desc_count = 3
header.cpu_desc_count = 1
header.bd_desc_count = 1
header.tdma_desc_count = 3
header.cpu_desc_count = 1
header.bd_desc_count = 1
header.tdma_desc_count = 3
header.cpu_desc_count = 1
header.bd_desc_count = 1
header.tdma_desc_count = 3
header.cpu_desc_count = 1
header.bd_desc_count = 1
header.tdma_desc_count = 3
header.cpu_desc_count = 1
header.bd_desc_count = 1
header.tdma_desc_count = 3
header.cpu_desc_count = 1
header.bd_desc_count = 1
header.tdma_desc_count = 3
header.cpu_desc_count = 1
header.bd_desc_count = 1
header.tdma_desc_count = 3
header.cpu_desc_count = 1
header.bd_desc_count = 1
header.tdma_desc_count = 3
header.cpu_desc_count = 1
header.bd_desc_count = 1
header.tdma_desc_count = 3
header.cpu_desc_count = 1
header.bd_desc_count = 1
header.tdma_desc_count = 3
header.cpu_desc_count = 1
header.bd_desc_count = 1
header.tdma_desc_count = 3
header.cpu_desc_count = 1
header.bd_desc_count = 1
header.tdma_desc_count = 3
header.cpu_desc_count = 1
header.bd_desc_count = 1
header.tdma_desc_count = 3
header.cpu_desc_count = 1
header.bd_desc_count = 1
header.tdma_desc_count = 3
header.cpu_desc_count = 1
header.bd_desc_count = 1
header.tdma_desc_count = 3
header.cpu_desc_count = 1
header.bd_desc_count = 1
header.tdma_desc_count = 3
header.cpu_desc_count = 1
header.bd_desc_count = 1
header.tdma_desc_count = 3
header.cpu_desc_count = 1
header.bd_desc_count = 1
header.tdma_desc_count = 3
header.cpu_desc_count = 1
header.bd_desc_count = 1
header.tdma_desc_count = 3
header.cpu_desc_count = 1
header.bd_desc_count = 1
header.tdma_desc_count = 3
header.cpu_desc_count = 1
header.bd_desc_count = 1
header.tdma_desc_count = 3
header.cpu_desc_count = 1
header.bd_desc_count = 1
header.tdma_desc_count = 3
header.cpu_desc_count = 1
header.bd_desc_count = 1
header.tdma_desc_count = 3
header.cpu_desc_count = 1
header.bd_desc_count = 1
header.tdma_desc_count = 3
header.cpu_desc_count = 1
header.bd_desc_count = 1
header.tdma_desc_count = 3
header.cpu_desc_count = 1
header.bd_desc_count = 1
header.tdma_desc_count = 3
header.cpu_desc_count = 1
header.bd_desc_count = 1
header.tdma_desc_count = 3
header.cpu_desc_count = 1
header.bd_desc_count = 1
header.tdma_desc_count = 3
header.cpu_desc_count = 1
header.bd_desc_count = 1
header.tdma_desc_count = 3
header.cpu_desc_count = 1
header.bd_desc_count = 1
header.tdma_desc_count = 3
header.cpu_desc_count = 1
header.bd_desc_count = 1
header.tdma_desc_count = 3
header.cpu_desc_count = 1
header.bd_desc_count = 1
header.tdma_desc_count = 3
header.cpu_desc_count = 1
header.bd_desc_count = 1
header.tdma_desc_count = 3
header.cpu_desc_count = 1
header.bd_desc_count = 1
header.tdma_desc_count = 3
header.cpu_desc_count = 1
header.bd_desc_count = 1
header.tdma_desc_count = 3
header.cpu_desc_count = 1
header.bd_desc_count = 1
header.tdma_desc_count = 3
header.cpu_desc_count = 1
header.bd_desc_count = 1
header.tdma_desc_count = 3
header.cpu_desc_count = 1
header.bd_desc_count = 1
header.tdma_desc_count = 3
header.cpu_desc_count = 1
header.bd_desc_count = 1
header.tdma_desc_count = 3
header.cpu_desc_count = 1
header.bd_desc_count = 1
header.tdma_desc_count = 3
header.cpu_desc_count = 1
header.bd_desc_count = 1
header.tdma_desc_count = 3
header.cpu_desc_count = 1
header.bd_desc_count = 1
header.tdma_desc_count = 3
header.cpu_desc_count = 1
header.bd_desc_count = 1
header.tdma_desc_count = 3
header.cpu_desc_count = 1
header.bd_desc_count = 1
header.tdma_desc_count = 3
header.cpu_desc_count = 1
header.bd_desc_count = 1
header.tdma_desc_count = 3
header.cpu_desc_count = 1
header.bd_desc_count = 1
header.tdma_desc_count = 3
header.cpu_desc_count = 1
header.bd_desc_count = 1
header.tdma_desc_count = 3
header.cpu_desc_count = 1
header.bd_desc_count = 1
header.tdma_desc_count = 3
header.cpu_desc_count = 1
header.bd_desc_count = 1
header.tdma_desc_count = 3
header.cpu_desc_count = 1
header.bd_desc_count = 1
header.tdma_desc_count = 3
header.cpu_desc_count = 1
header.bd_desc_count = 1
header.tdma_desc_count = 3
header.cpu_desc_count = 1
header.bd_desc_count = 1
header.tdma_desc_count = 3
header.cpu_desc_count = 1
header.bd_desc_count = 1
header.tdma_desc_count = 3
header.cpu_desc_count = 1
header.bd_desc_count = 1
header.tdma_desc_count = 3
header.cpu_desc_count = 1
header.bd_desc_count = 1
header.tdma_desc_count = 3
header.cpu_desc_count = 1
header.bd_desc_count = 1
header.tdma_desc_count = 3
header.cpu_desc_count = 1
header.bd_desc_count = 1
header.tdma_desc_count = 3
header.cpu_desc_count = 1
header.bd_desc_count = 1
header.tdma_desc_count = 3
header.cpu_desc_count = 1
header.bd_desc_count = 1
header.tdma_desc_count = 3
header.cpu_desc_count = 1
header.bd_desc_count = 1
header.tdma_desc_count = 3
header.cpu_desc_count = 1
header.bd_desc_count = 1
header.tdma_desc_count = 3
header.cpu_desc_count = 1
header.bd_desc_count = 1
header.tdma_desc_count = 3
header.cpu_desc_count = 1
header.bd_desc_count = 1
header.tdma_desc_count = 3
header.cpu_desc_count = 1
header.bd_desc_count = 1
header.tdma_desc_count = 3
header.cpu_desc_count = 1
header.bd_desc_count = 1
header.tdma_desc_count = 3
header.cpu_desc_count = 1
header.bd_desc_count = 1
header.tdma_desc_count = 3
header.cpu_desc_count = 1
header.bd_desc_count = 1
header.tdma_desc_count = 3
header.cpu_desc_count = 1
header.bd_desc_count = 1
header.tdma_desc_count = 3
header.cpu_desc_count = 1
header.bd_desc_count = 1
header.tdma_desc_count = 3
header.cpu_desc_count = 1
header.bd_desc_count = 1
header.tdma_desc_count = 3
header.cpu_desc_count = 1
header.bd_desc_count = 1
header.tdma_desc_count = 3
header.cpu_desc_count = 1
header.bd_desc_count = 1
header.tdma_desc_count = 3
header.cpu_desc_count = 1
header.bd_desc_count = 1
header.tdma_desc_count = 3
header.cpu_desc_count = 1
header.bd_desc_count = 1
header.tdma_desc_count = 3
header.cpu_desc_count = 1
header.bd_desc_count = 1
header.tdma_desc_count = 3
header.cpu_desc_count = 1
header.bd_desc_count = 1
header.tdma_desc_count = 3
header.cpu_desc_count = 1
header.bd_desc_count = 1
header.tdma_desc_count = 3
header.cpu_desc_count = 1
header.bd_desc_count = 1
header.tdma_desc_count = 3
header.cpu_desc_count = 1
header.bd_desc_count = 1
header.tdma_desc_count = 3
header.cpu_desc_count = 1
header.bd_desc_count = 1
header.tdma_desc_count = 3
header.cpu_desc_count = 1
header.bd_desc_count = 1
header.tdma_desc_count = 3
header.cpu_desc_count = 1
header.bd_desc_count = 1
header.tdma_desc_count = 3
header.cpu_desc_count = 1
header.bd_desc_count = 1
header.tdma_desc_count = 3
header.cpu_desc_count = 1
header.bd_desc_count = 1
header.tdma_desc_count = 3
header.cpu_desc_count = 1
header.bd_desc_count = 1
header.tdma_desc_count = 3
header.cpu_desc_count = 1
header.bd_desc_count = 1
header.tdma_desc_count = 3
header.cpu_desc_count = 1
header.bd_desc_count = 1
header.tdma_desc_count = 3
header.cpu_desc_count = 1
header.bd_desc_count = 1
header.tdma_desc_count = 3
header.cpu_desc_count = 1
header.bd_desc_count = 1
header.tdma_desc_count = 3
header.cpu_desc_count = 1
header.bd_desc_count = 1
header.tdma_desc_count = 3
header.cpu_desc_count = 1
header.bd_desc_count = 1
header.tdma_desc_count = 3
header.cpu_desc_count = 1
header.bd_desc_count = 1
header.tdma_desc_count = 3
header.cpu_desc_count = 1
header.bd_desc_count = 1
header.tdma_desc_count = 3
header.cpu_desc_count = 1
header.bd_desc_count = 1
header.tdma_desc_count = 3
header.cpu_desc_count = 1
header.bd_desc_count = 1
header.tdma_desc_count = 3
header.cpu_desc_count = 1
header.bd_desc_count = 1
header.tdma_desc_count = 3
header.cpu_desc_count = 1
header.bd_desc_count = 1
header.tdma_desc_count = 3
header.cpu_desc_count = 1
header.bd_desc_count = 1
header.tdma_desc_count = 3
header.cpu_desc_count = 1
header.bd_desc_count = 1
header.tdma_desc_count = 3
header.cpu_desc_count = 1
header.bd_desc_count = 1
header.tdma_desc_count = 3
header.cpu_desc_count = 1
header.bd_desc_count = 1
header.tdma_desc_count = 3
header.cpu_desc_count = 1
header.bd_desc_count = 1
header.tdma_desc_count = 3
header.cpu_desc_count = 1
header.bd_desc_count = 1
header.tdma_desc_count = 3
header.cpu_desc_count = 1
header.bd_desc_count = 1
header.tdma_desc_count = 3
header.cpu_desc_count = 1
header.bd_desc_count = 1
header.tdma_desc_count = 3
header.cpu_desc_count = 1
header.bd_desc_count = 1
header.tdma_desc_count = 3
header.cpu_desc_count = 1
header.bd_desc_count = 1
header.tdma_desc_count = 3
header.cpu_desc_count = 1
header.bd_desc_count = 1
header.tdma_desc_count = 3
header.cpu_desc_count = 1
header.bd_desc_count = 1
header.tdma_desc_count = 3
header.cpu_desc_count = 1
header.bd_desc_count = 1
header.tdma_desc_count = 3
header.cpu_desc_count = 1
header.bd_desc_count = 1
header.tdma_desc_count = 3
header.cpu_desc_count = 1
header.bd_desc_count = 1
header.tdma_desc_count = 3
header.cpu_desc_count = 1
header.bd_desc_count = 1
header.tdma_desc_count = 3
header.cpu_desc_count = 1
header.bd_desc_count = 1
header.tdma_desc_count = 3
header.cpu_desc_count = 1
header.bd_desc_count = 1
header.tdma_desc_count = 3
header.cpu_desc_count = 1
header.bd_desc_count = 1
header.tdma_desc_count = 3
header.cpu_desc_count = 1
header.bd_desc_count = 1
header.tdma_desc_count = 3
header.cpu_desc_count = 1
header.bd_desc_count = 1
header.tdma_desc_count = 3
header.cpu_desc_count = 1
header.bd_desc_count = 1
header.tdma_desc_count = 3
header.cpu_desc_count = 1
header.bd_desc_count = 1
header.tdma_desc_count = 3
header.cpu_desc_count = 1
header.bd_desc_count = 1
header.tdma_desc_count = 3
header.cpu_desc_count = 1
header.bd_desc_count = 1
header.tdma_desc_count = 3
header.cpu_desc_count = 1
header.bd_desc_count = 1
header.tdma_desc_count = 3
header.cpu_desc_count = 1
header.bd_desc_count = 1
header.tdma_desc_count = 3
header.cpu_desc_count = 1
header.bd_desc_count = 1
header.tdma_desc_count = 3
header.cpu_desc_count = 1
header.bd_desc_count = 1
header.tdma_desc_count = 3
header.cpu_desc_count = 1
header.bd_desc_count = 1
header.tdma_desc_count = 3
header.cpu_desc_count = 1
header.bd_desc_count = 1
header.tdma_desc_count = 3
header.cpu_desc_count = 1
header.bd_desc_count = 1
header.tdma_desc_count = 3
header.cpu_desc_count = 1
header.bd_desc_count = 1
header.tdma_desc_count = 3
header.cpu_desc_count = 1
header.bd_desc_count = 1
header.tdma_desc_count = 3
header.cpu_desc_count = 1
header.bd_desc_count = 1
header.tdma_desc_count = 3
header.cpu_desc_count = 1
header.bd_desc_count = 1
header.tdma_desc_count = 3
header.cpu_desc_count = 1
header.bd_desc_count = 1
header.tdma_desc_count = 3
header.cpu_desc_count = 1
header.bd_desc_count = 1
header.tdma_desc_count = 3
header.cpu_desc_count = 1
header.bd_desc_count = 1
header.tdma_desc_count = 3
header.cpu_desc_count = 1
header.bd_desc_count = 1
header.tdma_desc_count = 3
header.cpu_desc_count = 1
header.bd_desc_count = 1
header.tdma_desc_count = 3
header.cpu_desc_count = 1
header.bd_desc_count = 1
header.tdma_desc_count = 3
header.cpu_desc_count = 1
header.bd_desc_count = 1
header.tdma_desc_count = 3
header.cpu_desc_count = 1
header.bd_desc_count = 1
header.tdma_desc_count = 3
header.cpu_desc_count = 1
header.bd_desc_count = 1
header.tdma_desc_count = 3
header.cpu_desc_count = 1
header.bd_desc_count = 1
header.tdma_desc_count = 3
header.cpu_desc_count = 1
header.bd_desc_count = 1
header.tdma_desc_count = 3
header.cpu_desc_count = 1
header.bd_desc_count = 1
header.tdma_desc_count = 3
header.cpu_desc_count = 1
header.bd_desc_count = 1
header.tdma_desc_count = 3
header.cpu_desc_count = 1
header.bd_desc_count = 1
header.tdma_desc_count = 3
header.cpu_desc_count = 1
header.bd_desc_count = 1
header.tdma_desc_count = 3
header.cpu_desc_count = 1
header.bd_desc_count = 1
header.tdma_desc_count = 3
header.cpu_desc_count = 1
header.bd_desc_count = 1
header.tdma_desc_count = 3
header.cpu_desc_count = 1
header.bd_desc_count = 1
header.tdma_desc_count = 3
header.cpu_desc_count = 1
header.bd_desc_count = 1
header.tdma_desc_count = 3
header.cpu_desc_count = 1
header.bd_desc_count = 1
header.tdma_desc_count = 3
header.cpu_desc_count = 1
header.bd_desc_count = 1
header.tdma_desc_count = 3
header.cpu_desc_count = 1
header.bd_desc_count = 1
header.tdma_desc_count = 3
header.cpu_desc_count = 1
header.bd_desc_count = 1
header.tdma_desc_count = 3
header.cpu_desc_count = 1
header.bd_desc_count = 1
header.tdma_desc_count = 3
header.cpu_desc_count = 1
header.bd_desc_count = 1
header.tdma_desc_count = 3
header.cpu_desc_count = 1
header.bd_desc_count = 1
header.tdma_desc_count = 3
header.cpu_desc_count = 1
header.bd_desc_count = 1
header.tdma_desc_count = 3
header.cpu_desc_count = 1
header.bd_desc_count = 1
header.tdma_desc_count = 3
header.cpu_desc_count = 1
header.bd_desc_count = 1
header.tdma_desc_count = 3
header.cpu_desc_count = 1
header.bd_desc_count = 1
header.tdma_desc_count = 3
header.cpu_desc_count = 1
header.bd_desc_count = 1
header.tdma_desc_count = 3
header.cpu_desc_count = 1
header.bd_desc_count = 1
header.tdma_desc_count = 3
header.cpu_desc_count = 1
header.bd_desc_count = 1
header.tdma_desc_count = 3
header.cpu_desc_count = 1
header.bd_desc_count = 1
header.tdma_desc_count = 3
header.cpu_desc_count = 1
header.bd_desc_count = 1
header.tdma_desc_count = 3
header.cpu_desc_count = 1
header.bd_desc_count = 1
header.tdma_desc_count = 3
header.cpu_desc_count = 1
header.bd_desc_count = 1
header.tdma_desc_count = 3
header.cpu_desc_count = 1
header.bd_desc_count = 1
header.tdma_desc_count = 3
header.cpu_desc_count = 1
header.bd_desc_count = 1
header.tdma_desc_count = 3
header.cpu_desc_count = 1
header.bd_desc_count = 1
header.tdma_desc_count = 3
header.cpu_desc_count = 1
header.bd_desc_count = 1
header.tdma_desc_count = 3
header.cpu_desc_count = 1
header.bd_desc_count = 1
header.tdma_desc_count = 3
header.cpu_desc_count = 1
header.bd_desc_count = 1
header.tdma_desc_count = 3
header.cpu_desc_count = 1
header.bd_desc_count = 1
header.tdma_desc_count = 3
header.cpu_desc_count = 1
header.bd_desc_count = 1
header.tdma_desc_count = 3
header.cpu_desc_count = 1
header.bd_desc_count = 1
header.tdma_desc_count = 3
header.cpu_desc_count = 1
header.bd_desc_count = 1
header.tdma_desc_count = 3
header.cpu_desc_count = 1
header.bd_desc_count = 1
header.tdma_desc_count = 3
header.cpu_desc_count = 1
header.bd_desc_count = 1
header.tdma_desc_count = 3
header.cpu_desc_count = 1
header.bd_desc_count = 1
header.tdma_desc_count = 3
header.cpu_desc_count = 1
header.bd_desc_count = 1
header.tdma_desc_count = 3
header.cpu_desc_count = 1
header.bd_desc_count = 1
header.tdma_desc_count = 3
header.cpu_desc_count = 1
header.bd_desc_count = 1
header.tdma_desc_count = 3
header.cpu_desc_count = 1
header.bd_desc_count = 1
header.tdma_desc_count = 3
header.cpu_desc_count = 1
header.bd_desc_count = 1
header.tdma_desc_count = 3
header.cpu_desc_count = 1
header.bd_desc_count = 1
header.tdma_desc_count = 3
header.cpu_desc_count = 1
header.bd_desc_count = 1
header.tdma_desc_count = 3
header.cpu_desc_count = 1
header.bd_desc_count = 1
header.tdma_desc_count = 3
header.cpu_desc_count = 1
header.bd_desc_count = 1
header.tdma_desc_count = 3
header.cpu_desc_count = 1
header.bd_desc_count = 1
header.tdma_desc_count = 3
header.cpu_desc_count = 1
header.bd_desc_count = 1
header.tdma_desc_count = 3
header.cpu_desc_count = 1
header.bd_desc_count = 1
header.tdma_desc_count = 3
header.cpu_desc_count = 1
header.bd_desc_count = 1
header.tdma_desc_count = 3
header.cpu_desc_count = 1
header.bd_desc_count = 1
header.tdma_desc_count = 3
header.cpu_desc_count = 1
header.bd_desc_count = 1
header.tdma_desc_count = 3
header.cpu_desc_count = 1
header.bd_desc_count = 1
header.tdma_desc_count = 3
header.cpu_desc_count = 1
header.bd_desc_count = 1
header.tdma_desc_count = 3
header.cpu_desc_count = 1
header.bd_desc_count = 1
header.tdma_desc_count = 3
header.cpu_desc_count = 1
header.bd_desc_count = 1
header.tdma_desc_count = 3
header.cpu_desc_count = 1
header.bd_desc_count = 1
header.tdma_desc_count = 3
header.cpu_desc_count = 1
header.bd_desc_count = 1
header.tdma_desc_count = 3
header.cpu_desc_count = 1
header.bd_desc_count = 1
header.tdma_desc_count = 3
header.cpu_desc_count = 1
header.bd_desc_count = 1
header.tdma_desc_count = 3
header.cpu_desc_count = 1
header.bd_desc_count = 1
header.tdma_desc_count = 3
header.cpu_desc_count = 1
header.bd_desc_count = 1
header.tdma_desc_count = 3
header.cpu_desc_count = 1
header.bd_desc_count = 1
header.tdma_desc_count = 3
header.cpu_desc_count = 1
header.bd_desc_count = 1
header.tdma_desc_count = 3
header.cpu_desc_count = 1
header.bd_desc_count = 1
header.tdma_desc_count = 3
header.cpu_desc_count = 1
header.bd_desc_count = 1
header.tdma_desc_count = 3
header.cpu_desc_count = 1
header.bd_desc_count = 1
header.tdma_desc_count = 3
header.cpu_desc_count = 1
header.bd_desc_count = 1
header.tdma_desc_count = 3
header.cpu_desc_count = 1
header.bd_desc_count = 1
header.tdma_desc_count = 3
header.cpu_desc_count = 1
header.bd_desc_count = 1
header.tdma_desc_count = 3
header.cpu_desc_count = 1
header.bd_desc_count = 1
header.tdma_desc_count = 3
header.cpu_desc_count = 1
header.bd_desc_count = 1
header.tdma_desc_count = 3
header.cpu_desc_count = 1
header.bd_desc_count = 1
header.tdma_desc_count = 3
header.cpu_desc_count = 1
header.bd_desc_count = 1
header.tdma_desc_count = 3
header.cpu_desc_count = 1
header.bd_desc_count = 1
header.tdma_desc_count = 3
header.cpu_desc_count = 1
header.bd_desc_count = 1
header.tdma_desc_count = 3
header.cpu_desc_count = 1
header.bd_desc_count = 1
header.tdma_desc_count = 3
header.cpu_desc_count = 1
header.bd_desc_count = 1
header.tdma_desc_count = 3
header.cpu_desc_count = 1
header.bd_desc_count = 1
header.tdma_desc_count = 3
header.cpu_desc_count = 1
header.bd_desc_count = 1
header.tdma_desc_count = 3
header.cpu_desc_count = 1
header.bd_desc_count = 1
header.tdma_desc_count = 3
header.cpu_desc_count = 1
header.bd_desc_count = 1
header.tdma_desc_count = 3
header.cpu_desc_count = 1
header.bd_desc_count = 1
header.tdma_desc_count = 3
header.cpu_desc_count = 1
header.bd_desc_count = 1
header.tdma_desc_count = 3
header.cpu_desc_count = 1
header.bd_desc_count = 1
header.tdma_desc_count = 3
header.cpu_desc_count = 1
header.bd_desc_count = 1
header.tdma_desc_count = 3
header.cpu_desc_count = 1
header.bd_desc_count = 1
header.tdma_desc_count = 3
header.cpu_desc_count = 1
header.bd_desc_count = 1
header.tdma_desc_count = 3
header.cpu_desc_count = 1
header.bd_desc_count = 1
header.tdma_desc_count = 3
header.cpu_desc_count = 1
header.bd_desc_count = 1
header.tdma_desc_count = 3
header.cpu_desc_count = 1
header.bd_desc_count = 1
header.tdma_desc_count = 3
header.cpu_desc_count = 1
header.bd_desc_count = 1
header.tdma_desc_count = 3
header.cpu_desc_count = 1
header.bd_desc_count = 1
header.tdma_desc_count = 3
header.cpu_desc_count = 1
header.bd_desc_count = 1
header.tdma_desc_count = 3
header.cpu_desc_count = 1
header.bd_desc_count = 1
header.tdma_desc_count = 3
header.cpu_desc_count = 1
header.bd_desc_count = 1
header.tdma_desc_count = 3
header.cpu_desc_count = 1
header.bd_desc_count = 1
header.tdma_desc_count = 3
header.cpu_desc_count = 1
header.bd_desc_count = 1
header.tdma_desc_count = 3
header.cpu_desc_count = 1
header.bd_desc_count = 1
header.tdma_desc_count = 3
header.cpu_desc_count = 1
header.bd_desc_count = 1
header.tdma_desc_count = 3
header.cpu_desc_count = 1
header.bd_desc_count = 1
header.tdma_desc_count = 3
header.cpu_desc_count = 1
header.bd_desc_count = 1
header.tdma_desc_count = 3
header.cpu_desc_count = 1
header.bd_desc_count = 1
header.tdma_desc_count = 3
header.cpu_desc_count = 1
header.bd_desc_count = 1
header.tdma_desc_count = 3
header.cpu_desc_count = 1
header.bd_desc_count = 1
header.tdma_desc_count = 3
header.cpu_desc_count = 1
header.bd_desc_count = 1
header.tdma_desc_count = 3
header.cpu_desc_count = 1
header.bd_desc_count = 1
header.tdma_desc_count = 3
header.cpu_desc_count = 1
header.bd_desc_count = 1
header.tdma_desc_count = 3
header.cpu_desc_count = 1
header.bd_desc_count = 1
header.tdma_desc_count = 3
header.cpu_desc_count = 1
header.bd_desc_count = 1
header.tdma_desc_count = 3
header.cpu_desc_count = 1
header.bd_desc_count = 1
header.tdma_desc_count = 3
header.cpu_desc_count = 1
header.bd_desc_count = 1
header.tdma_desc_count = 3
header.cpu_desc_count = 1
header.bd_desc_count = 1
header.tdma_desc_count = 3
header.cpu_desc_count = 1
header.bd_desc_count = 1
header.tdma_desc_count = 3
header.cpu_desc_count = 1
header.bd_desc_count = 1
header.tdma_desc_count = 3
header.cpu_desc_count = 1
header.bd_desc_count = 1
header.tdma_desc_count = 3
header.cpu_desc_count = 1
header.bd_desc_count = 1
header.tdma_desc_count = 3
header.cpu_desc_count = 1
header.bd_desc_count = 1
header.tdma_desc_count = 3
header.cpu_desc_count = 1
header.bd_desc_count = 1
header.tdma_desc_count = 3
header.cpu_desc_count = 1
header.bd_desc_count = 1
header.tdma_desc_count = 3
header.cpu_desc_count = 1
header.bd_desc_count = 1
header.tdma_desc_count = 3
header.cpu_desc_count = 1
header.bd_desc_count = 1
header.tdma_desc_count = 3
header.cpu_desc_count = 1
header.bd_desc_count = 1
header.tdma_desc_count = 3
header.cpu_desc_count = 1
header.bd_desc_count = 1
header.tdma_desc_count = 3
header.cpu_desc_count = 1
header.bd_desc_count = 1
header.tdma_desc_count = 3
header.cpu_desc_count = 1
header.bd_desc_count = 1
header.tdma_desc_count = 3
header.cpu_desc_count = 1
header.bd_desc_count = 1
header.tdma_desc_count = 3
header.cpu_desc_count = 1
header.bd_desc_count = 1
header.tdma_desc_count = 3
header.cpu_desc_count = 1
header.bd_desc_count = 1
header.tdma_desc_count = 3
header.cpu_desc_count = 1
header.bd_desc_count = 1
header.tdma_desc_count = 3
header.cpu_desc_count = 1
header.bd_desc_count = 1
header.tdma_desc_count = 3
header.cpu_desc_count = 1
header.bd_desc_count = 1
header.tdma_desc_count = 3
header.cpu_desc_count = 1
header.bd_desc_count = 1
header.tdma_desc_count = 3
header.cpu_desc_count = 1
header.bd_desc_count = 1
header.tdma_desc_count = 3
header.cpu_desc_count = 1
header.bd_desc_count = 1
header.tdma_desc_count = 3
header.cpu_desc_count = 1
header.bd_desc_count = 1
header.tdma_desc_count = 3
header.cpu_desc_count = 1
header.bd_desc_count = 1
header.tdma_desc_count = 3
header.cpu_desc_count = 1
header.bd_desc_count = 1
header.tdma_desc_count = 3
header.cpu_desc_count = 1
header.bd_desc_count = 1
header.tdma_desc_count = 3
header.cpu_desc_count = 1
header.bd_desc_count = 1
header.tdma_desc_count = 3
header.cpu_desc_count = 1
header.bd_desc_count = 1
header.tdma_desc_count = 3
header.cpu_desc_count = 1
header.bd_desc_count = 1
header.tdma_desc_count = 3
header.cpu_desc_count = 1
header.bd_desc_count = 1
header.tdma_desc_count = 3
header.cpu_desc_count = 1
header.bd_desc_count = 1
header.tdma_desc_count = 3
header.cpu_desc_count = 1
header.bd_desc_count = 1
header.tdma_desc_count = 3
header.cpu_desc_count = 1
header.bd_desc_count = 1
header.tdma_desc_count = 3
header.cpu_desc_count = 1
header.bd_desc_count = 1
header.tdma_desc_count = 3
header.cpu_desc_count = 1
header.bd_desc_count = 1
header.tdma_desc_count = 3
header.cpu_desc_count = 1
header.bd_desc_count = 1
header.tdma_desc_count = 3
header.cpu_desc_count = 1
header.bd_desc_count = 1
header.tdma_desc_count = 3
header.cpu_desc_count = 1
header.bd_desc_count = 1
header.tdma_desc_count = 3
header.cpu_desc_count = 1
header.bd_desc_count = 1
header.tdma_desc_count = 3
header.cpu_desc_count = 1
header.bd_desc_count = 1
header.tdma_desc_count = 3
header.cpu_desc_count = 1
header.bd_desc_count = 1
header.tdma_desc_count = 3
header.cpu_desc_count = 1
header.bd_desc_count = 1
header.tdma_desc_count = 3
header.cpu_desc_count = 1
header.bd_desc_count = 1
header.tdma_desc_count = 3
header.cpu_desc_count = 1
header.bd_desc_count = 1
header.tdma_desc_count = 3
header.cpu_desc_count = 1
header.bd_desc_count = 1
header.tdma_desc_count = 3
header.cpu_desc_count = 1
header.bd_desc_count = 1
header.tdma_desc_count = 3
header.cpu_desc_count = 1
header.bd_desc_count = 1
header.tdma_desc_count = 3
header.cpu_desc_count = 1
header.bd_desc_count = 1
header.tdma_desc_count = 3
header.cpu_desc_count = 1
header.bd_desc_count = 1
header.tdma_desc_count = 3
header.cpu_desc_count = 1
header.bd_desc_count = 1
header.tdma_desc_count = 3
header.cpu_desc_count = 1
header.bd_desc_count = 1
header.tdma_desc_count = 3
header.cpu_desc_count = 1
header.bd_desc_count = 1
header.tdma_desc_count = 3
header.cpu_desc_count = 1
header.bd_desc_count = 1
header.tdma_desc_count = 3
header.cpu_desc_count = 1
header.bd_desc_count = 1
header.tdma_desc_count = 3
header.cpu_desc_count = 1
header.bd_desc_count = 1
header.tdma_desc_count = 3
header.cpu_desc_count = 1
header.bd_desc_count = 1
header.tdma_desc_count = 3
header.cpu_desc_count = 1
header.bd_desc_count = 1
header.tdma_desc_count = 3
header.cpu_desc_count = 1
header.bd_desc_count = 1
header.tdma_desc_count = 3
header.cpu_desc_count = 1
header.bd_desc_count = 1
header.tdma_desc_count = 3
header.cpu_desc_count = 1
header.bd_desc_count = 1
header.tdma_desc_count = 3
header.cpu_desc_count = 1
header.bd_desc_count = 1
header.tdma_desc_count = 3
header.cpu_desc_count = 1
header.bd_desc_count = 1
header.tdma_desc_count = 3
header.cpu_desc_count = 1
header.bd_desc_count = 1
header.tdma_desc_count = 3
header.cpu_desc_count = 1
header.bd_desc_count = 1
header.tdma_desc_count = 3
header.cpu_desc_count = 1
header.bd_desc_count = 1
header.tdma_desc_count = 3
header.cpu_desc_count = 1
header.bd_desc_count = 1
header.tdma_desc_count = 3
header.cpu_desc_count = 1
header.bd_desc_count = 1
header.tdma_desc_count = 3
header.cpu_desc_count = 1
header.bd_desc_count = 1
header.tdma_desc_count = 3
header.cpu_desc_count = 1
header.bd_desc_count = 1
header.tdma_desc_count = 3
header.cpu_desc_count = 1
header.bd_desc_count = 1
header.tdma_desc_count = 3
header.cpu_desc_count = 1
header.bd_desc_count = 1
header.tdma_desc_count = 3
header.cpu_desc_count = 1
header.bd_desc_count = 1
header.tdma_desc_count = 3
header.cpu_desc_count = 1
header.bd_desc_count = 1
header.tdma_desc_count = 3
header.cpu_desc_count = 1
header.bd_desc_count = 1
header.tdma_desc_count = 3
header.cpu_desc_count = 1
header.bd_desc_count = 1
header.tdma_desc_count = 3
header.cpu_desc_count = 1
header.bd_desc_count = 1
header.tdma_desc_count = 3
header.cpu_desc_count = 1
header.bd_desc_count = 1
header.tdma_desc_count = 3
header.cpu_desc_count = 1
header.bd_desc_count = 1
header.tdma_desc_count = 3
header.cpu_desc_count = 1
header.bd_desc_count = 1
header.tdma_desc_count = 3
pools built (M=1:{128,384,896} M=3:{128,384,896} M=5/7:{128,256,768}) in 0.250s
header.cpu_desc_count = 1
header.bd_desc_count = 8
header.tdma_desc_count = 17
header.cpu_desc_count = 1
header.bd_desc_count = 8
header.tdma_desc_count = 17
header.cpu_desc_count = 1
header.bd_desc_count = 8
header.tdma_desc_count = 17
header.cpu_desc_count = 1
header.bd_desc_count = 8
header.tdma_desc_count = 17
header.cpu_desc_count = 1
header.bd_desc_count = 8
header.tdma_desc_count = 17
header.cpu_desc_count = 1
header.bd_desc_count = 8
header.tdma_desc_count = 17
header.cpu_desc_count = 1
header.bd_desc_count = 8
header.tdma_desc_count = 17
header.cpu_desc_count = 1
header.bd_desc_count = 8
header.tdma_desc_count = 17
header.cpu_desc_count = 1
header.bd_desc_count = 8
header.tdma_desc_count = 17
header.cpu_desc_count = 1
header.bd_desc_count = 8
header.tdma_desc_count = 17
header.cpu_desc_count = 1
header.bd_desc_count = 8
header.tdma_desc_count = 17
header.cpu_desc_count = 1
header.bd_desc_count = 8
header.tdma_desc_count = 17
header.cpu_desc_count = 1
header.bd_desc_count = 8
header.tdma_desc_count = 17
header.cpu_desc_count = 1
header.bd_desc_count = 8
header.tdma_desc_count = 17
header.cpu_desc_count = 1
header.bd_desc_count = 8
header.tdma_desc_count = 17
header.cpu_desc_count = 1
header.bd_desc_count = 8
header.tdma_desc_count = 17
header.cpu_desc_count = 1
header.bd_desc_count = 8
header.tdma_desc_count = 17
header.cpu_desc_count = 1
header.bd_desc_count = 8
header.tdma_desc_count = 17
header.cpu_desc_count = 1
header.bd_desc_count = 8
header.tdma_desc_count = 17
header.cpu_desc_count = 1
header.bd_desc_count = 8
header.tdma_desc_count = 17
header.cpu_desc_count = 1
header.bd_desc_count = 8
header.tdma_desc_count = 17
header.cpu_desc_count = 1
header.bd_desc_count = 8
header.tdma_desc_count = 17
header.cpu_desc_count = 1
header.bd_desc_count = 8
header.tdma_desc_count = 17
header.cpu_desc_count = 1
header.bd_desc_count = 8
header.tdma_desc_count = 17
header.cpu_desc_count = 1
header.bd_desc_count = 8
header.tdma_desc_count = 17
header.cpu_desc_count = 1
header.bd_desc_count = 8
header.tdma_desc_count = 17
header.cpu_desc_count = 1
header.bd_desc_count = 8
header.tdma_desc_count = 17
header.cpu_desc_count = 1
header.bd_desc_count = 8
header.tdma_desc_count = 17
header.cpu_desc_count = 1
header.bd_desc_count = 8
header.tdma_desc_count = 17
header.cpu_desc_count = 1
header.bd_desc_count = 8
header.tdma_desc_count = 17
header.cpu_desc_count = 1
header.bd_desc_count = 8
header.tdma_desc_count = 17
header.cpu_desc_count = 1
header.bd_desc_count = 8
header.tdma_desc_count = 17
merged pool built (M=1 up/gate: 8 tiles x 608, F=4864) in 0.026s
KV cache (INT8 per-token) = 24576 B/layer x2 + scale 768 B/layer x2 (L=24 KV_CAP=192 DKV=128)
RSH=1: loaded rsafe.bin (264 B, 24 layer x [6 mats + 5 down chunks]) -> skip wmax pre-scan
layer read mode = mmap bare (Phase 6 baseline) | VERIFY=1 PROFILE=1 RSH=1(skip)
LMHEAD2 total=0.629s (s1=0.023s [dot=0.021s] s2=0.607s [sd=0.478s cpu=0.121s] cand=6574 VmSwap=1728kB)
PROMPT 1 (seq=3, toks=[105538 59975 100132 0 0 0 0])
NEXT_TOKEN: 2130
TOP5: 2130 68990 198 9909 7 
GAP: 0.6890
TOPVAL[2130]=17.7947
TOPVAL[68990]=17.1057
TOPVAL[198]=16.6073
TOPVAL[9909]=16.0216
TOPVAL[7]=15.8426
t_layers=38.87s t_lmhead=0.63s t_total=39.50s per_token=13.17s
  expected_next=2130  OK
LMHEAD2 total=0.710s (s1=0.023s [dot=0.022s] s2=0.686s [sd=0.555s cpu=0.124s] cand=8488 VmSwap=1608kB)
PROMPT 2 (seq=5, toks=[785 6722 315 9625 374 0 0])
NEXT_TOKEN: 12095
TOP5: 12095 7407 1304 32671 279 
GAP: 0.4508
TOPVAL[12095]=16.0385
TOPVAL[7407]=15.5878
TOPVAL[1304]=14.5642
TOPVAL[32671]=14.5126
TOPVAL[279]=14.5087
t_layers=52.85s t_lmhead=0.71s t_total=53.56s per_token=10.71s
  expected_next=12095  OK
LMHEAD2 total=0.605s (s1=0.023s [dot=0.021s] s2=0.582s [sd=0.463s cpu=0.111s] cand=6083 VmSwap=1976kB)
PROMPT 3 (seq=7, toks=[100644 104307 101243 3837 97639 85336 102077])
NEXT_TOKEN: 99366
TOP5: 99366 109280 112635 107530 3837 
GAP: 0.6824
TOPVAL[99366]=16.9796
TOPVAL[109280]=16.2971
TOPVAL[112635]=14.7623
TOPVAL[107530]=13.4151
TOPVAL[3837]=13.3296
t_layers=65.72s t_lmhead=0.60s t_total=66.32s per_token=9.47s
  expected_next=99366  OK
total wall = 159.50s (all 3 prompts)
==== P1/P2 bit-exact: bad1=0 bad2=0  r_opt mismatches=0  rsh(scan-vs-table)=0 ====
==== TIU runs: pass1=55872 pass2=55872 total=111744 ====
==== 24L regression: expected_next 3/3 OK ====
==== 24L regression: TIU internal BIT-EXACT ====
==== DECODE 实测: prefill P1(seq=3) + 2 decode steps (M=1, INT8 KV cache) ====
LMHEAD2 total=0.568s (s1=0.023s [dot=0.021s] s2=0.545s [sd=0.470s cpu=0.075s] cand=6574 VmSwap=1568kB)
PROMPT 1 (seq=3, toks=[105538 59975 100132 0 0 0 0])
NEXT_TOKEN: 2130
TOP5: 2130 68990 198 9909 7 
GAP: 0.6890
TOPVAL[2130]=17.7947
TOPVAL[68990]=17.1057
TOPVAL[198]=16.6073
TOPVAL[9909]=16.0216
TOPVAL[7]=15.8426
t_layers=37.85s t_lmhead=0.57s t_total=38.42s per_token=12.81s
  prefill done: kv_len=3 next=2130 (expected 2130)
DECODE pos=3 tok_in=2130 next=198 gap=0.4164 t_layers=20.34s t_head=0.60s (s1=0.024s s2=0.571s) cand=7253 total=20.93s VmSwap=1620kB majflt=1611
DECODE pos=4 tok_in=198 next=32 gap=4.5688 t_layers=20.31s t_head=0.54s (s1=0.024s s2=0.519s) cand=7015 total=20.85s VmSwap=2076kB majflt=1600
==== decode avg per-token = 20.89s over 2 steps (prefill P1 seq=3) ====
==== decode TIU runs: pass1=85632 pass2=85632 total=171264 ====
==== decode bit-exact: bad1=0 bad2=0 r_opt=0 rsh=0 ====

==== PROFILE: eng_matmul breakdown (decode M=1) ====
eng_matmul wall :    39.456s (528 calls)
  dequant_rvv   :     0.944s (  2.4%)  [CPU dequant INT4->INT8]
  copy_act      :     0.067s (  0.2%)  [activation staging]
  flush(g2l DMA):     0.414s (  1.0%)
  runcmdbuf(TIU):     6.042s ( 15.3%)  [30720 calls, 0.197 ms/call, g2l+TIU+l2g]
  invld(l2g DMA):     0.628s (  1.6%)
  verify(host)  :     9.232s ( 23.4%)  [host int32 reference]
  other(accum/blockmax/fault):    19.617s ( 49.7%)
    |-blockmax   :     0.805s
    |-accum      :     1.395s
    |-final      :     0.012s
    `-other-rest :    19.617s  (wmax scan + gsc-fault + ION lat + misc)
  sum_buckets   :    39.155s | wall-sum gap = +0.3012s (计时开销/未计入)
per-matmul:
  q     :     2.547s       48 calls    53.062 ms/call
  k     :     0.657s       48 calls    13.688 ms/call
  v     :     0.676s       48 calls    14.091 ms/call
  wo    :     2.267s       48 calls    47.229 ms/call
  up    :     8.651s       48 calls   180.239 ms/call
  gate  :    10.002s       48 calls   208.385 ms/call
  down  :    14.655s      240 calls    61.063 ms/call
