===== M2 24-layer prefill + LM head (TIU Path A', 3-prompt regression) =====
loaded esc/frms/biases (721920 B)
lmhead2 loaded (C=1024 Kc=128; centroid fp16+idx ~1.76MB, placement after CVI_RT_Init; embed_cl mmap'd)
BUILD: stage1 = h·centroid [CPU dot, ION-fp16 resident preferred]
  [start] Summary:
  [start] [0] carveout heap size:28102656 bytes, used:0 bytes
  [start] usage rate:0%, memory usage peak 26427392 bytes
  [start] 
  [start] Details:
  [start]          heap_id   alloc_buf_size         phy_addr         kmap_cnt      buffer name
  [start] 
  [start] 
  [start] minimum ion allocate unit = 4096
  [start] free memory regions:
  [start]          heap_id            start              end           length
  [start]                0         82473000         83f40000         28102656
  [start] 
layer file size = 8393728 B
GSC_ION: cached 931840 B/layer x24 = 21.33 MiB in ION
GSC_ION load done in 1.279s
  [centroid] ION fp16 resident: 1.75 MB (free_ion=5476352 B); stage1 f16->f32 on-the-fly
header.cpu_desc_count = 1
header.bd_desc_count = 1
header.tdma_desc_count = 3
header.cpu_desc_count = 1
header.bd_desc_count = 1
header.tdma_desc_count = 3
header.cpu_desc_count = 1
header.bd_desc_count = 1
header.tdma_desc_count = 3
header.cpu_desc_count = 1
header.bd_desc_count = 1
header.tdma_desc_count = 3
header.cpu_desc_count = 1
header.bd_desc_count = 1
header.tdma_desc_count = 3
header.cpu_desc_count = 1
header.bd_desc_count = 1
header.tdma_desc_count = 3
header.cpu_desc_count = 1
header.bd_desc_count = 1
header.tdma_desc_count = 3
header.cpu_desc_count = 1
header.bd_desc_count = 1
header.tdma_desc_count = 3
header.cpu_desc_count = 1
header.bd_desc_count = 1
header.tdma_desc_count = 3
header.cpu_desc_count = 1
header.bd_desc_count = 1
header.tdma_desc_count = 3
header.cpu_desc_count = 1
header.bd_desc_count = 1
header.tdma_desc_count = 3
header.cpu_desc_count = 1
header.bd_desc_count = 1
header.tdma_desc_count = 3
header.cpu_desc_count = 1
header.bd_desc_count = 1
header.tdma_desc_count = 3
header.cpu_desc_count = 1
header.bd_desc_count = 1
header.tdma_desc_count = 3
header.cpu_desc_count = 1
header.bd_desc_count = 1
header.tdma_desc_count = 3
header.cpu_desc_count = 1
header.bd_desc_count = 1
header.tdma_desc_count = 3
header.cpu_desc_count = 1
header.bd_desc_count = 1
header.tdma_desc_count = 3
header.cpu_desc_count = 1
header.bd_desc_count = 1
header.tdma_desc_count = 3
header.cpu_desc_count = 1
header.bd_desc_count = 1
header.tdma_desc_count = 3
header.cpu_desc_count = 1
header.bd_desc_count = 1
header.tdma_desc_count = 3
header.cpu_desc_count = 1
header.bd_desc_count = 1
header.tdma_desc_count = 3
header.cpu_desc_count = 1
header.bd_desc_count = 1
header.tdma_desc_count = 3
header.cpu_desc_count = 1
header.bd_desc_count = 1
header.tdma_desc_count = 3
header.cpu_desc_count = 1
header.bd_desc_count = 1
header.tdma_desc_count = 3
header.cpu_desc_count = 1
header.bd_desc_count = 1
header.tdma_desc_count = 3
header.cpu_desc_count = 1
header.bd_desc_count = 1
header.tdma_desc_count = 3
header.cpu_desc_count = 1
header.bd_desc_count = 1
header.tdma_desc_count = 3
header.cpu_desc_count = 1
header.bd_desc_count = 1
header.tdma_desc_count = 3
header.cpu_desc_count = 1
header.bd_desc_count = 1
header.tdma_desc_count = 3
header.cpu_desc_count = 1
header.bd_desc_count = 1
header.tdma_desc_count = 3
header.cpu_desc_count = 1
header.bd_desc_count = 1
header.tdma_desc_count = 3
header.cpu_desc_count = 1
header.bd_desc_count = 1
header.tdma_desc_count = 3
header.cpu_desc_count = 1
header.bd_desc_count = 1
header.tdma_desc_count = 3
header.cpu_desc_count = 1
header.bd_desc_count = 1
header.tdma_desc_count = 3
header.cpu_desc_count = 1
header.bd_desc_count = 1
header.tdma_desc_count = 3
header.cpu_desc_count = 1
header.bd_desc_count = 1
header.tdma_desc_count = 3
header.cpu_desc_count = 1
header.bd_desc_count = 1
header.tdma_desc_count = 3
header.cpu_desc_count = 1
header.bd_desc_count = 1
header.tdma_desc_count = 3
header.cpu_desc_count = 1
header.bd_desc_count = 1
header.tdma_desc_count = 3
header.cpu_desc_count = 1
header.bd_desc_count = 1
header.tdma_desc_count = 3
header.cpu_desc_count = 1
header.bd_desc_count = 1
header.tdma_desc_count = 3
header.cpu_desc_count = 1
header.bd_desc_count = 1
header.tdma_desc_count = 3
header.cpu_desc_count = 1
header.bd_desc_count = 1
header.tdma_desc_count = 3
header.cpu_desc_count = 1
header.bd_desc_count = 1
header.tdma_desc_count = 3
header.cpu_desc_count = 1
header.bd_desc_count = 1
header.tdma_desc_count = 3
header.cpu_desc_count = 1
header.bd_desc_count = 1
header.tdma_desc_count = 3
header.cpu_desc_count = 1
header.bd_desc_count = 1
header.tdma_desc_count = 3
header.cpu_desc_count = 1
header.bd_desc_count = 1
header.tdma_desc_count = 3
header.cpu_desc_count = 1
header.bd_desc_count = 1
header.tdma_desc_count = 3
header.cpu_desc_count = 1
header.bd_desc_count = 1
header.tdma_desc_count = 3
header.cpu_desc_count = 1
header.bd_desc_count = 1
header.tdma_desc_count = 3
header.cpu_desc_count = 1
header.bd_desc_count = 1
header.tdma_desc_count = 3
header.cpu_desc_count = 1
header.bd_desc_count = 1
header.tdma_desc_count = 3
header.cpu_desc_count = 1
header.bd_desc_count = 1
header.tdma_desc_count = 3
header.cpu_desc_count = 1
header.bd_desc_count = 1
header.tdma_desc_count = 3
header.cpu_desc_count = 1
header.bd_desc_count = 1
header.tdma_desc_count = 3
header.cpu_desc_count = 1
header.bd_desc_count = 1
header.tdma_desc_count = 3
header.cpu_desc_count = 1
header.bd_desc_count = 1
header.tdma_desc_count = 3
header.cpu_desc_count = 1
header.bd_desc_count = 1
header.tdma_desc_count = 3
header.cpu_desc_count = 1
header.bd_desc_count = 1
header.tdma_desc_count = 3
header.cpu_desc_count = 1
header.bd_desc_count = 1
header.tdma_desc_count = 3
header.cpu_desc_count = 1
header.bd_desc_count = 1
header.tdma_desc_count = 3
header.cpu_desc_count = 1
header.bd_desc_count = 1
header.tdma_desc_count = 3
header.cpu_desc_count = 1
header.bd_desc_count = 1
header.tdma_desc_count = 3
header.cpu_desc_count = 1
header.bd_desc_count = 1
header.tdma_desc_count = 3
header.cpu_desc_count = 1
header.bd_desc_count = 1
header.tdma_desc_count = 3
header.cpu_desc_count = 1
header.bd_desc_count = 1
header.tdma_desc_count = 3
header.cpu_desc_count = 1
header.bd_desc_count = 1
header.tdma_desc_count = 3
header.cpu_desc_count = 1
header.bd_desc_count = 1
header.tdma_desc_count = 3
header.cpu_desc_count = 1
header.bd_desc_count = 1
header.tdma_desc_count = 3
header.cpu_desc_count = 1
header.bd_desc_count = 1
header.tdma_desc_count = 3
header.cpu_desc_count = 1
header.bd_desc_count = 1
header.tdma_desc_count = 3
header.cpu_desc_count = 1
header.bd_desc_count = 1
header.tdma_desc_count = 3
header.cpu_desc_count = 1
header.bd_desc_count = 1
header.tdma_desc_count = 3
header.cpu_desc_count = 1
header.bd_desc_count = 1
header.tdma_desc_count = 3
header.cpu_desc_count = 1
header.bd_desc_count = 1
header.tdma_desc_count = 3
header.cpu_desc_count = 1
header.bd_desc_count = 1
header.tdma_desc_count = 3
header.cpu_desc_count = 1
header.bd_desc_count = 1
header.tdma_desc_count = 3
header.cpu_desc_count = 1
header.bd_desc_count = 1
header.tdma_desc_count = 3
header.cpu_desc_count = 1
header.bd_desc_count = 1
header.tdma_desc_count = 3
header.cpu_desc_count = 1
header.bd_desc_count = 1
header.tdma_desc_count = 3
header.cpu_desc_count = 1
header.bd_desc_count = 1
header.tdma_desc_count = 3
header.cpu_desc_count = 1
header.bd_desc_count = 1
header.tdma_desc_count = 3
header.cpu_desc_count = 1
header.bd_desc_count = 1
header.tdma_desc_count = 3
header.cpu_desc_count = 1
header.bd_desc_count = 1
header.tdma_desc_count = 3
header.cpu_desc_count = 1
header.bd_desc_count = 1
header.tdma_desc_count = 3
header.cpu_desc_count = 1
header.bd_desc_count = 1
header.tdma_desc_count = 3
header.cpu_desc_count = 1
header.bd_desc_count = 1
header.tdma_desc_count = 3
header.cpu_desc_count = 1
header.bd_desc_count = 1
header.tdma_desc_count = 3
header.cpu_desc_count = 1
header.bd_desc_count = 1
header.tdma_desc_count = 3
header.cpu_desc_count = 1
header.bd_desc_count = 1
header.tdma_desc_count = 3
header.cpu_desc_count = 1
header.bd_desc_count = 1
header.tdma_desc_count = 3
header.cpu_desc_count = 1
header.bd_desc_count = 1
header.tdma_desc_count = 3
header.cpu_desc_count = 1
header.bd_desc_count = 1
header.tdma_desc_count = 3
header.cpu_desc_count = 1
header.bd_desc_count = 1
header.tdma_desc_count = 3
header.cpu_desc_count = 1
header.bd_desc_count = 1
header.tdma_desc_count = 3
header.cpu_desc_count = 1
header.bd_desc_count = 1
header.tdma_desc_count = 3
header.cpu_desc_count = 1
header.bd_desc_count = 1
header.tdma_desc_count = 3
header.cpu_desc_count = 1
header.bd_desc_count = 1
header.tdma_desc_count = 3
header.cpu_desc_count = 1
header.bd_desc_count = 1
header.tdma_desc_count = 3
header.cpu_desc_count = 1
header.bd_desc_count = 1
header.tdma_desc_count = 3
header.cpu_desc_count = 1
header.bd_desc_count = 1
header.tdma_desc_count = 3
header.cpu_desc_count = 1
header.bd_desc_count = 1
header.tdma_desc_count = 3
header.cpu_desc_count = 1
header.bd_desc_count = 1
header.tdma_desc_count = 3
header.cpu_desc_count = 1
header.bd_desc_count = 1
header.tdma_desc_count = 3
header.cpu_desc_count = 1
header.bd_desc_count = 1
header.tdma_desc_count = 3
header.cpu_desc_count = 1
header.bd_desc_count = 1
header.tdma_desc_count = 3
header.cpu_desc_count = 1
header.bd_desc_count = 1
header.tdma_desc_count = 3
header.cpu_desc_count = 1
header.bd_desc_count = 1
header.tdma_desc_count = 3
header.cpu_desc_count = 1
header.bd_desc_count = 1
header.tdma_desc_count = 3
header.cpu_desc_count = 1
header.bd_desc_count = 1
header.tdma_desc_count = 3
header.cpu_desc_count = 1
header.bd_desc_count = 1
header.tdma_desc_count = 3
header.cpu_desc_count = 1
header.bd_desc_count = 1
header.tdma_desc_count = 3
header.cpu_desc_count = 1
header.bd_desc_count = 1
header.tdma_desc_count = 3
header.cpu_desc_count = 1
header.bd_desc_count = 1
header.tdma_desc_count = 3
header.cpu_desc_count = 1
header.bd_desc_count = 1
header.tdma_desc_count = 3
header.cpu_desc_count = 1
header.bd_desc_count = 1
header.tdma_desc_count = 3
header.cpu_desc_count = 1
header.bd_desc_count = 1
header.tdma_desc_count = 3
header.cpu_desc_count = 1
header.bd_desc_count = 1
header.tdma_desc_count = 3
header.cpu_desc_count = 1
header.bd_desc_count = 1
header.tdma_desc_count = 3
header.cpu_desc_count = 1
header.bd_desc_count = 1
header.tdma_desc_count = 3
header.cpu_desc_count = 1
header.bd_desc_count = 1
header.tdma_desc_count = 3
header.cpu_desc_count = 1
header.bd_desc_count = 1
header.tdma_desc_count = 3
header.cpu_desc_count = 1
header.bd_desc_count = 1
header.tdma_desc_count = 3
header.cpu_desc_count = 1
header.bd_desc_count = 1
header.tdma_desc_count = 3
header.cpu_desc_count = 1
header.bd_desc_count = 1
header.tdma_desc_count = 3
header.cpu_desc_count = 1
header.bd_desc_count = 1
header.tdma_desc_count = 3
header.cpu_desc_count = 1
header.bd_desc_count = 1
header.tdma_desc_count = 3
header.cpu_desc_count = 1
header.bd_desc_count = 1
header.tdma_desc_count = 3
header.cpu_desc_count = 1
header.bd_desc_count = 1
header.tdma_desc_count = 3
header.cpu_desc_count = 1
header.bd_desc_count = 1
header.tdma_desc_count = 3
header.cpu_desc_count = 1
header.bd_desc_count = 1
header.tdma_desc_count = 3
header.cpu_desc_count = 1
header.bd_desc_count = 1
header.tdma_desc_count = 3
header.cpu_desc_count = 1
header.bd_desc_count = 1
header.tdma_desc_count = 3
header.cpu_desc_count = 1
header.bd_desc_count = 1
header.tdma_desc_count = 3
header.cpu_desc_count = 1
header.bd_desc_count = 1
header.tdma_desc_count = 3
header.cpu_desc_count = 1
header.bd_desc_count = 1
header.tdma_desc_count = 3
header.cpu_desc_count = 1
header.bd_desc_count = 1
header.tdma_desc_count = 3
header.cpu_desc_count = 1
header.bd_desc_count = 1
header.tdma_desc_count = 3
header.cpu_desc_count = 1
header.bd_desc_count = 1
header.tdma_desc_count = 3
header.cpu_desc_count = 1
header.bd_desc_count = 1
header.tdma_desc_count = 3
header.cpu_desc_count = 1
header.bd_desc_count = 1
header.tdma_desc_count = 3
header.cpu_desc_count = 1
header.bd_desc_count = 1
header.tdma_desc_count = 3
header.cpu_desc_count = 1
header.bd_desc_count = 1
header.tdma_desc_count = 3
header.cpu_desc_count = 1
header.bd_desc_count = 1
header.tdma_desc_count = 3
header.cpu_desc_count = 1
header.bd_desc_count = 1
header.tdma_desc_count = 3
header.cpu_desc_count = 1
header.bd_desc_count = 1
header.tdma_desc_count = 3
header.cpu_desc_count = 1
header.bd_desc_count = 1
header.tdma_desc_count = 3
header.cpu_desc_count = 1
header.bd_desc_count = 1
header.tdma_desc_count = 3
header.cpu_desc_count = 1
header.bd_desc_count = 1
header.tdma_desc_count = 3
header.cpu_desc_count = 1
header.bd_desc_count = 1
header.tdma_desc_count = 3
header.cpu_desc_count = 1
header.bd_desc_count = 1
header.tdma_desc_count = 3
header.cpu_desc_count = 1
header.bd_desc_count = 1
header.tdma_desc_count = 3
header.cpu_desc_count = 1
header.bd_desc_count = 1
header.tdma_desc_count = 3
header.cpu_desc_count = 1
header.bd_desc_count = 1
header.tdma_desc_count = 3
header.cpu_desc_count = 1
header.bd_desc_count = 1
header.tdma_desc_count = 3
header.cpu_desc_count = 1
header.bd_desc_count = 1
header.tdma_desc_count = 3
header.cpu_desc_count = 1
header.bd_desc_count = 1
header.tdma_desc_count = 3
header.cpu_desc_count = 1
header.bd_desc_count = 1
header.tdma_desc_count = 3
header.cpu_desc_count = 1
header.bd_desc_count = 1
header.tdma_desc_count = 3
header.cpu_desc_count = 1
header.bd_desc_count = 1
header.tdma_desc_count = 3
header.cpu_desc_count = 1
header.bd_desc_count = 1
header.tdma_desc_count = 3
header.cpu_desc_count = 1
header.bd_desc_count = 1
header.tdma_desc_count = 3
header.cpu_desc_count = 1
header.bd_desc_count = 1
header.tdma_desc_count = 3
header.cpu_desc_count = 1
header.bd_desc_count = 1
header.tdma_desc_count = 3
header.cpu_desc_count = 1
header.bd_desc_count = 1
header.tdma_desc_count = 3
header.cpu_desc_count = 1
header.bd_desc_count = 1
header.tdma_desc_count = 3
header.cpu_desc_count = 1
header.bd_desc_count = 1
header.tdma_desc_count = 3
header.cpu_desc_count = 1
header.bd_desc_count = 1
header.tdma_desc_count = 3
header.cpu_desc_count = 1
header.bd_desc_count = 1
header.tdma_desc_count = 3
header.cpu_desc_count = 1
header.bd_desc_count = 1
header.tdma_desc_count = 3
header.cpu_desc_count = 1
header.bd_desc_count = 1
header.tdma_desc_count = 3
header.cpu_desc_count = 1
header.bd_desc_count = 1
header.tdma_desc_count = 3
header.cpu_desc_count = 1
header.bd_desc_count = 1
header.tdma_desc_count = 3
header.cpu_desc_count = 1
header.bd_desc_count = 1
header.tdma_desc_count = 3
header.cpu_desc_count = 1
header.bd_desc_count = 1
header.tdma_desc_count = 3
header.cpu_desc_count = 1
header.bd_desc_count = 1
header.tdma_desc_count = 3
header.cpu_desc_count = 1
header.bd_desc_count = 1
header.tdma_desc_count = 3
header.cpu_desc_count = 1
header.bd_desc_count = 1
header.tdma_desc_count = 3
header.cpu_desc_count = 1
header.bd_desc_count = 1
header.tdma_desc_count = 3
header.cpu_desc_count = 1
header.bd_desc_count = 1
header.tdma_desc_count = 3
header.cpu_desc_count = 1
header.bd_desc_count = 1
header.tdma_desc_count = 3
header.cpu_desc_count = 1
header.bd_desc_count = 1
header.tdma_desc_count = 3
header.cpu_desc_count = 1
header.bd_desc_count = 1
header.tdma_desc_count = 3
header.cpu_desc_count = 1
header.bd_desc_count = 1
header.tdma_desc_count = 3
header.cpu_desc_count = 1
header.bd_desc_count = 1
header.tdma_desc_count = 3
header.cpu_desc_count = 1
header.bd_desc_count = 1
header.tdma_desc_count = 3
header.cpu_desc_count = 1
header.bd_desc_count = 1
header.tdma_desc_count = 3
header.cpu_desc_count = 1
header.bd_desc_count = 1
header.tdma_desc_count = 3
header.cpu_desc_count = 1
header.bd_desc_count = 1
header.tdma_desc_count = 3
header.cpu_desc_count = 1
header.bd_desc_count = 1
header.tdma_desc_count = 3
header.cpu_desc_count = 1
header.bd_desc_count = 1
header.tdma_desc_count = 3
header.cpu_desc_count = 1
header.bd_desc_count = 1
header.tdma_desc_count = 3
header.cpu_desc_count = 1
header.bd_desc_count = 1
header.tdma_desc_count = 3
header.cpu_desc_count = 1
header.bd_desc_count = 1
header.tdma_desc_count = 3
header.cpu_desc_count = 1
header.bd_desc_count = 1
header.tdma_desc_count = 3
header.cpu_desc_count = 1
header.bd_desc_count = 1
header.tdma_desc_count = 3
header.cpu_desc_count = 1
header.bd_desc_count = 1
header.tdma_desc_count = 3
header.cpu_desc_count = 1
header.bd_desc_count = 1
header.tdma_desc_count = 3
header.cpu_desc_count = 1
header.bd_desc_count = 1
header.tdma_desc_count = 3
header.cpu_desc_count = 1
header.bd_desc_count = 1
header.tdma_desc_count = 3
header.cpu_desc_count = 1
header.bd_desc_count = 1
header.tdma_desc_count = 3
header.cpu_desc_count = 1
header.bd_desc_count = 1
header.tdma_desc_count = 3
header.cpu_desc_count = 1
header.bd_desc_count = 1
header.tdma_desc_count = 3
header.cpu_desc_count = 1
header.bd_desc_count = 1
header.tdma_desc_count = 3
header.cpu_desc_count = 1
header.bd_desc_count = 1
header.tdma_desc_count = 3
header.cpu_desc_count = 1
header.bd_desc_count = 1
header.tdma_desc_count = 3
header.cpu_desc_count = 1
header.bd_desc_count = 1
header.tdma_desc_count = 3
header.cpu_desc_count = 1
header.bd_desc_count = 1
header.tdma_desc_count = 3
header.cpu_desc_count = 1
header.bd_desc_count = 1
header.tdma_desc_count = 3
header.cpu_desc_count = 1
header.bd_desc_count = 1
header.tdma_desc_count = 3
header.cpu_desc_count = 1
header.bd_desc_count = 1
header.tdma_desc_count = 3
header.cpu_desc_count = 1
header.bd_desc_count = 1
header.tdma_desc_count = 3
header.cpu_desc_count = 1
header.bd_desc_count = 1
header.tdma_desc_count = 3
header.cpu_desc_count = 1
header.bd_desc_count = 1
header.tdma_desc_count = 3
header.cpu_desc_count = 1
header.bd_desc_count = 1
header.tdma_desc_count = 3
header.cpu_desc_count = 1
header.bd_desc_count = 1
header.tdma_desc_count = 3
header.cpu_desc_count = 1
header.bd_desc_count = 1
header.tdma_desc_count = 3
header.cpu_desc_count = 1
header.bd_desc_count = 1
header.tdma_desc_count = 3
header.cpu_desc_count = 1
header.bd_desc_count = 1
header.tdma_desc_count = 3
header.cpu_desc_count = 1
header.bd_desc_count = 1
header.tdma_desc_count = 3
header.cpu_desc_count = 1
header.bd_desc_count = 1
header.tdma_desc_count = 3
header.cpu_desc_count = 1
header.bd_desc_count = 1
header.tdma_desc_count = 3
header.cpu_desc_count = 1
header.bd_desc_count = 1
header.tdma_desc_count = 3
header.cpu_desc_count = 1
header.bd_desc_count = 1
header.tdma_desc_count = 3
header.cpu_desc_count = 1
header.bd_desc_count = 1
header.tdma_desc_count = 3
header.cpu_desc_count = 1
header.bd_desc_count = 1
header.tdma_desc_count = 3
header.cpu_desc_count = 1
header.bd_desc_count = 1
header.tdma_desc_count = 3
header.cpu_desc_count = 1
header.bd_desc_count = 1
header.tdma_desc_count = 3
header.cpu_desc_count = 1
header.bd_desc_count = 1
header.tdma_desc_count = 3
header.cpu_desc_count = 1
header.bd_desc_count = 1
header.tdma_desc_count = 3
header.cpu_desc_count = 1
header.bd_desc_count = 1
header.tdma_desc_count = 3
header.cpu_desc_count = 1
header.bd_desc_count = 1
header.tdma_desc_count = 3
header.cpu_desc_count = 1
header.bd_desc_count = 1
header.tdma_desc_count = 3
header.cpu_desc_count = 1
header.bd_desc_count = 1
header.tdma_desc_count = 3
header.cpu_desc_count = 1
header.bd_desc_count = 1
header.tdma_desc_count = 3
header.cpu_desc_count = 1
header.bd_desc_count = 1
header.tdma_desc_count = 3
header.cpu_desc_count = 1
header.bd_desc_count = 1
header.tdma_desc_count = 3
header.cpu_desc_count = 1
header.bd_desc_count = 1
header.tdma_desc_count = 3
header.cpu_desc_count = 1
header.bd_desc_count = 1
header.tdma_desc_count = 3
header.cpu_desc_count = 1
header.bd_desc_count = 1
header.tdma_desc_count = 3
header.cpu_desc_count = 1
header.bd_desc_count = 1
header.tdma_desc_count = 3
header.cpu_desc_count = 1
header.bd_desc_count = 1
header.tdma_desc_count = 3
header.cpu_desc_count = 1
header.bd_desc_count = 1
header.tdma_desc_count = 3
header.cpu_desc_count = 1
header.bd_desc_count = 1
header.tdma_desc_count = 3
header.cpu_desc_count = 1
header.bd_desc_count = 1
header.tdma_desc_count = 3
header.cpu_desc_count = 1
header.bd_desc_count = 1
header.tdma_desc_count = 3
header.cpu_desc_count = 1
header.bd_desc_count = 1
header.tdma_desc_count = 3
header.cpu_desc_count = 1
header.bd_desc_count = 1
header.tdma_desc_count = 3
header.cpu_desc_count = 1
header.bd_desc_count = 1
header.tdma_desc_count = 3
header.cpu_desc_count = 1
header.bd_desc_count = 1
header.tdma_desc_count = 3
header.cpu_desc_count = 1
header.bd_desc_count = 1
header.tdma_desc_count = 3
header.cpu_desc_count = 1
header.bd_desc_count = 1
header.tdma_desc_count = 3
header.cpu_desc_count = 1
header.bd_desc_count = 1
header.tdma_desc_count = 3
header.cpu_desc_count = 1
header.bd_desc_count = 1
header.tdma_desc_count = 3
header.cpu_desc_count = 1
header.bd_desc_count = 1
header.tdma_desc_count = 3
header.cpu_desc_count = 1
header.bd_desc_count = 1
header.tdma_desc_count = 3
header.cpu_desc_count = 1
header.bd_desc_count = 1
header.tdma_desc_count = 3
header.cpu_desc_count = 1
header.bd_desc_count = 1
header.tdma_desc_count = 3
header.cpu_desc_count = 1
header.bd_desc_count = 1
header.tdma_desc_count = 3
header.cpu_desc_count = 1
header.bd_desc_count = 1
header.tdma_desc_count = 3
header.cpu_desc_count = 1
header.bd_desc_count = 1
header.tdma_desc_count = 3
header.cpu_desc_count = 1
header.bd_desc_count = 1
header.tdma_desc_count = 3
header.cpu_desc_count = 1
header.bd_desc_count = 1
header.tdma_desc_count = 3
header.cpu_desc_count = 1
header.bd_desc_count = 1
header.tdma_desc_count = 3
header.cpu_desc_count = 1
header.bd_desc_count = 1
header.tdma_desc_count = 3
header.cpu_desc_count = 1
header.bd_desc_count = 1
header.tdma_desc_count = 3
header.cpu_desc_count = 1
header.bd_desc_count = 1
header.tdma_desc_count = 3
header.cpu_desc_count = 1
header.bd_desc_count = 1
header.tdma_desc_count = 3
header.cpu_desc_count = 1
header.bd_desc_count = 1
header.tdma_desc_count = 3
header.cpu_desc_count = 1
header.bd_desc_count = 1
header.tdma_desc_count = 3
header.cpu_desc_count = 1
header.bd_desc_count = 1
header.tdma_desc_count = 3
header.cpu_desc_count = 1
header.bd_desc_count = 1
header.tdma_desc_count = 3
header.cpu_desc_count = 1
header.bd_desc_count = 1
header.tdma_desc_count = 3
header.cpu_desc_count = 1
header.bd_desc_count = 1
header.tdma_desc_count = 3
header.cpu_desc_count = 1
header.bd_desc_count = 1
header.tdma_desc_count = 3
header.cpu_desc_count = 1
header.bd_desc_count = 1
header.tdma_desc_count = 3
header.cpu_desc_count = 1
header.bd_desc_count = 1
header.tdma_desc_count = 3
header.cpu_desc_count = 1
header.bd_desc_count = 1
header.tdma_desc_count = 3
header.cpu_desc_count = 1
header.bd_desc_count = 1
header.tdma_desc_count = 3
header.cpu_desc_count = 1
header.bd_desc_count = 1
header.tdma_desc_count = 3
header.cpu_desc_count = 1
header.bd_desc_count = 1
header.tdma_desc_count = 3
header.cpu_desc_count = 1
header.bd_desc_count = 1
header.tdma_desc_count = 3
header.cpu_desc_count = 1
header.bd_desc_count = 1
header.tdma_desc_count = 3
header.cpu_desc_count = 1
header.bd_desc_count = 1
header.tdma_desc_count = 3
header.cpu_desc_count = 1
header.bd_desc_count = 1
header.tdma_desc_count = 3
header.cpu_desc_count = 1
header.bd_desc_count = 1
header.tdma_desc_count = 3
header.cpu_desc_count = 1
header.bd_desc_count = 1
header.tdma_desc_count = 3
header.cpu_desc_count = 1
header.bd_desc_count = 1
header.tdma_desc_count = 3
header.cpu_desc_count = 1
header.bd_desc_count = 1
header.tdma_desc_count = 3
header.cpu_desc_count = 1
header.bd_desc_count = 1
header.tdma_desc_count = 3
header.cpu_desc_count = 1
header.bd_desc_count = 1
header.tdma_desc_count = 3
header.cpu_desc_count = 1
header.bd_desc_count = 1
header.tdma_desc_count = 3
header.cpu_desc_count = 1
header.bd_desc_count = 1
header.tdma_desc_count = 3
header.cpu_desc_count = 1
header.bd_desc_count = 1
header.tdma_desc_count = 3
header.cpu_desc_count = 1
header.bd_desc_count = 1
header.tdma_desc_count = 3
header.cpu_desc_count = 1
header.bd_desc_count = 1
header.tdma_desc_count = 3
header.cpu_desc_count = 1
header.bd_desc_count = 1
header.tdma_desc_count = 3
header.cpu_desc_count = 1
header.bd_desc_count = 1
header.tdma_desc_count = 3
header.cpu_desc_count = 1
header.bd_desc_count = 1
header.tdma_desc_count = 3
header.cpu_desc_count = 1
header.bd_desc_count = 1
header.tdma_desc_count = 3
header.cpu_desc_count = 1
header.bd_desc_count = 1
header.tdma_desc_count = 3
header.cpu_desc_count = 1
header.bd_desc_count = 1
header.tdma_desc_count = 3
header.cpu_desc_count = 1
header.bd_desc_count = 1
header.tdma_desc_count = 3
header.cpu_desc_count = 1
header.bd_desc_count = 1
header.tdma_desc_count = 3
header.cpu_desc_count = 1
header.bd_desc_count = 1
header.tdma_desc_count = 3
header.cpu_desc_count = 1
header.bd_desc_count = 1
header.tdma_desc_count = 3
header.cpu_desc_count = 1
header.bd_desc_count = 1
header.tdma_desc_count = 3
header.cpu_desc_count = 1
header.bd_desc_count = 1
header.tdma_desc_count = 3
header.cpu_desc_count = 1
header.bd_desc_count = 1
header.tdma_desc_count = 3
header.cpu_desc_count = 1
header.bd_desc_count = 1
header.tdma_desc_count = 3
header.cpu_desc_count = 1
header.bd_desc_count = 1
header.tdma_desc_count = 3
header.cpu_desc_count = 1
header.bd_desc_count = 1
header.tdma_desc_count = 3
header.cpu_desc_count = 1
header.bd_desc_count = 1
header.tdma_desc_count = 3
header.cpu_desc_count = 1
header.bd_desc_count = 1
header.tdma_desc_count = 3
header.cpu_desc_count = 1
header.bd_desc_count = 1
header.tdma_desc_count = 3
header.cpu_desc_count = 1
header.bd_desc_count = 1
header.tdma_desc_count = 3
header.cpu_desc_count = 1
header.bd_desc_count = 1
header.tdma_desc_count = 3
header.cpu_desc_count = 1
header.bd_desc_count = 1
header.tdma_desc_count = 3
header.cpu_desc_count = 1
header.bd_desc_count = 1
header.tdma_desc_count = 3
header.cpu_desc_count = 1
header.bd_desc_count = 1
header.tdma_desc_count = 3
header.cpu_desc_count = 1
header.bd_desc_count = 1
header.tdma_desc_count = 3
header.cpu_desc_count = 1
header.bd_desc_count = 1
header.tdma_desc_count = 3
header.cpu_desc_count = 1
header.bd_desc_count = 1
header.tdma_desc_count = 3
header.cpu_desc_count = 1
header.bd_desc_count = 1
header.tdma_desc_count = 3
header.cpu_desc_count = 1
header.bd_desc_count = 1
header.tdma_desc_count = 3
header.cpu_desc_count = 1
header.bd_desc_count = 1
header.tdma_desc_count = 3
header.cpu_desc_count = 1
header.bd_desc_count = 1
header.tdma_desc_count = 3
header.cpu_desc_count = 1
header.bd_desc_count = 1
header.tdma_desc_count = 3
header.cpu_desc_count = 1
header.bd_desc_count = 1
header.tdma_desc_count = 3
header.cpu_desc_count = 1
header.bd_desc_count = 1
header.tdma_desc_count = 3
header.cpu_desc_count = 1
header.bd_desc_count = 1
header.tdma_desc_count = 3
header.cpu_desc_count = 1
header.bd_desc_count = 1
header.tdma_desc_count = 3
header.cpu_desc_count = 1
header.bd_desc_count = 1
header.tdma_desc_count = 3
header.cpu_desc_count = 1
header.bd_desc_count = 1
header.tdma_desc_count = 3
header.cpu_desc_count = 1
header.bd_desc_count = 1
header.tdma_desc_count = 3
header.cpu_desc_count = 1
header.bd_desc_count = 1
header.tdma_desc_count = 3
header.cpu_desc_count = 1
header.bd_desc_count = 1
header.tdma_desc_count = 3
header.cpu_desc_count = 1
header.bd_desc_count = 1
header.tdma_desc_count = 3
header.cpu_desc_count = 1
header.bd_desc_count = 1
header.tdma_desc_count = 3
header.cpu_desc_count = 1
header.bd_desc_count = 1
header.tdma_desc_count = 3
header.cpu_desc_count = 1
header.bd_desc_count = 1
header.tdma_desc_count = 3
header.cpu_desc_count = 1
header.bd_desc_count = 1
header.tdma_desc_count = 3
header.cpu_desc_count = 1
header.bd_desc_count = 1
header.tdma_desc_count = 3
header.cpu_desc_count = 1
header.bd_desc_count = 1
header.tdma_desc_count = 3
header.cpu_desc_count = 1
header.bd_desc_count = 1
header.tdma_desc_count = 3
header.cpu_desc_count = 1
header.bd_desc_count = 1
header.tdma_desc_count = 3
header.cpu_desc_count = 1
header.bd_desc_count = 1
header.tdma_desc_count = 3
header.cpu_desc_count = 1
header.bd_desc_count = 1
header.tdma_desc_count = 3
header.cpu_desc_count = 1
header.bd_desc_count = 1
header.tdma_desc_count = 3
header.cpu_desc_count = 1
header.bd_desc_count = 1
header.tdma_desc_count = 3
header.cpu_desc_count = 1
header.bd_desc_count = 1
header.tdma_desc_count = 3
header.cpu_desc_count = 1
header.bd_desc_count = 1
header.tdma_desc_count = 3
header.cpu_desc_count = 1
header.bd_desc_count = 1
header.tdma_desc_count = 3
header.cpu_desc_count = 1
header.bd_desc_count = 1
header.tdma_desc_count = 3
header.cpu_desc_count = 1
header.bd_desc_count = 1
header.tdma_desc_count = 3
header.cpu_desc_count = 1
header.bd_desc_count = 1
header.tdma_desc_count = 3
header.cpu_desc_count = 1
header.bd_desc_count = 1
header.tdma_desc_count = 3
header.cpu_desc_count = 1
header.bd_desc_count = 1
header.tdma_desc_count = 3
header.cpu_desc_count = 1
header.bd_desc_count = 1
header.tdma_desc_count = 3
header.cpu_desc_count = 1
header.bd_desc_count = 1
header.tdma_desc_count = 3
header.cpu_desc_count = 1
header.bd_desc_count = 1
header.tdma_desc_count = 3
header.cpu_desc_count = 1
header.bd_desc_count = 1
header.tdma_desc_count = 3
header.cpu_desc_count = 1
header.bd_desc_count = 1
header.tdma_desc_count = 3
header.cpu_desc_count = 1
header.bd_desc_count = 1
header.tdma_desc_count = 3
header.cpu_desc_count = 1
header.bd_desc_count = 1
header.tdma_desc_count = 3
header.cpu_desc_count = 1
header.bd_desc_count = 1
header.tdma_desc_count = 3
header.cpu_desc_count = 1
header.bd_desc_count = 1
header.tdma_desc_count = 3
header.cpu_desc_count = 1
header.bd_desc_count = 1
header.tdma_desc_count = 3
header.cpu_desc_count = 1
header.bd_desc_count = 1
header.tdma_desc_count = 3
header.cpu_desc_count = 1
header.bd_desc_count = 1
header.tdma_desc_count = 3
header.cpu_desc_count = 1
header.bd_desc_count = 1
header.tdma_desc_count = 3
header.cpu_desc_count = 1
header.bd_desc_count = 1
header.tdma_desc_count = 3
header.cpu_desc_count = 1
header.bd_desc_count = 1
header.tdma_desc_count = 3
header.cpu_desc_count = 1
header.bd_desc_count = 1
header.tdma_desc_count = 3
header.cpu_desc_count = 1
header.bd_desc_count = 1
header.tdma_desc_count = 3
header.cpu_desc_count = 1
header.bd_desc_count = 1
header.tdma_desc_count = 3
header.cpu_desc_count = 1
header.bd_desc_count = 1
header.tdma_desc_count = 3
header.cpu_desc_count = 1
header.bd_desc_count = 1
header.tdma_desc_count = 3
header.cpu_desc_count = 1
header.bd_desc_count = 1
header.tdma_desc_count = 3
header.cpu_desc_count = 1
header.bd_desc_count = 1
header.tdma_desc_count = 3
header.cpu_desc_count = 1
header.bd_desc_count = 1
header.tdma_desc_count = 3
header.cpu_desc_count = 1
header.bd_desc_count = 1
header.tdma_desc_count = 3
header.cpu_desc_count = 1
header.bd_desc_count = 1
header.tdma_desc_count = 3
pools built (M=1:{128,384,896} M=3:{128,384,896} M=5/7:{128,256,768}) in 0.229s
header.cpu_desc_count = 1
header.bd_desc_count = 8
header.tdma_desc_count = 17
header.cpu_desc_count = 1
header.bd_desc_count = 8
header.tdma_desc_count = 17
header.cpu_desc_count = 1
header.bd_desc_count = 8
header.tdma_desc_count = 17
header.cpu_desc_count = 1
header.bd_desc_count = 8
header.tdma_desc_count = 17
header.cpu_desc_count = 1
header.bd_desc_count = 8
header.tdma_desc_count = 17
header.cpu_desc_count = 1
header.bd_desc_count = 8
header.tdma_desc_count = 17
header.cpu_desc_count = 1
header.bd_desc_count = 8
header.tdma_desc_count = 17
header.cpu_desc_count = 1
header.bd_desc_count = 8
header.tdma_desc_count = 17
header.cpu_desc_count = 1
header.bd_desc_count = 8
header.tdma_desc_count = 17
header.cpu_desc_count = 1
header.bd_desc_count = 8
header.tdma_desc_count = 17
header.cpu_desc_count = 1
header.bd_desc_count = 8
header.tdma_desc_count = 17
header.cpu_desc_count = 1
header.bd_desc_count = 8
header.tdma_desc_count = 17
header.cpu_desc_count = 1
header.bd_desc_count = 8
header.tdma_desc_count = 17
header.cpu_desc_count = 1
header.bd_desc_count = 8
header.tdma_desc_count = 17
header.cpu_desc_count = 1
header.bd_desc_count = 8
header.tdma_desc_count = 17
header.cpu_desc_count = 1
header.bd_desc_count = 8
header.tdma_desc_count = 17
header.cpu_desc_count = 1
header.bd_desc_count = 8
header.tdma_desc_count = 17
header.cpu_desc_count = 1
header.bd_desc_count = 8
header.tdma_desc_count = 17
header.cpu_desc_count = 1
header.bd_desc_count = 8
header.tdma_desc_count = 17
header.cpu_desc_count = 1
header.bd_desc_count = 8
header.tdma_desc_count = 17
header.cpu_desc_count = 1
header.bd_desc_count = 8
header.tdma_desc_count = 17
header.cpu_desc_count = 1
header.bd_desc_count = 8
header.tdma_desc_count = 17
header.cpu_desc_count = 1
header.bd_desc_count = 8
header.tdma_desc_count = 17
header.cpu_desc_count = 1
header.bd_desc_count = 8
header.tdma_desc_count = 17
header.cpu_desc_count = 1
header.bd_desc_count = 8
header.tdma_desc_count = 17
header.cpu_desc_count = 1
header.bd_desc_count = 8
header.tdma_desc_count = 17
header.cpu_desc_count = 1
header.bd_desc_count = 8
header.tdma_desc_count = 17
header.cpu_desc_count = 1
header.bd_desc_count = 8
header.tdma_desc_count = 17
header.cpu_desc_count = 1
header.bd_desc_count = 8
header.tdma_desc_count = 17
header.cpu_desc_count = 1
header.bd_desc_count = 8
header.tdma_desc_count = 17
header.cpu_desc_count = 1
header.bd_desc_count = 8
header.tdma_desc_count = 17
header.cpu_desc_count = 1
header.bd_desc_count = 8
header.tdma_desc_count = 17
merged pool built (M=1 up/gate: 8 tiles x 608, F=4864) in 0.028s
KV cache (INT8 per-token) = 24576 B/layer x2 + scale 768 B/layer x2 (L=24 KV_CAP=192 DKV=128)
layer read mode = mmap bare (Phase 6 baseline) | VERIFY=1 PROFILE=0 RSH=0(scan)
LMHEAD2 total=0.592s (s1=0.023s [dot=0.021s] s2=0.569s [sd=0.454s cpu=0.108s] cand=6574 VmSwap=1220kB)
PROMPT 1 (seq=3, toks=[105538 59975 100132 0 0 0 0])
NEXT_TOKEN: 2130
TOP5: 2130 68990 198 9909 7 
GAP: 0.6890
TOPVAL[2130]=17.7947
TOPVAL[68990]=17.1057
TOPVAL[198]=16.6073
TOPVAL[9909]=16.0216
TOPVAL[7]=15.8426
t_layers=38.27s t_lmhead=0.59s t_total=38.86s per_token=12.95s
  expected_next=2130  OK
LMHEAD2 total=0.687s (s1=0.023s [dot=0.021s] s2=0.665s [sd=0.552s cpu=0.112s] cand=8488 VmSwap=1528kB)
PROMPT 2 (seq=5, toks=[785 6722 315 9625 374 0 0])
NEXT_TOKEN: 12095
TOP5: 12095 7407 1304 32671 279 
GAP: 0.4508
TOPVAL[12095]=16.0385
TOPVAL[7407]=15.5878
TOPVAL[1304]=14.5642
TOPVAL[32671]=14.5126
TOPVAL[279]=14.5087
t_layers=53.01s t_lmhead=0.69s t_total=53.70s per_token=10.74s
  expected_next=12095  OK
LMHEAD2 total=0.556s (s1=0.023s [dot=0.021s] s2=0.534s [sd=0.419s cpu=0.106s] cand=6083 VmSwap=1872kB)
PROMPT 3 (seq=7, toks=[100644 104307 101243 3837 97639 85336 102077])
NEXT_TOKEN: 99366
TOP5: 99366 109280 112635 107530 3837 
GAP: 0.6824
TOPVAL[99366]=16.9796
TOPVAL[109280]=16.2971
TOPVAL[112635]=14.7623
TOPVAL[107530]=13.4151
TOPVAL[3837]=13.3296
t_layers=66.29s t_lmhead=0.56s t_total=66.84s per_token=9.55s
  expected_next=99366  OK
total wall = 159.52s (all 3 prompts)
==== P1/P2 bit-exact: bad1=0 bad2=0  r_opt mismatches=0  rsh(scan-vs-table)=0 ====
==== TIU runs: pass1=55872 pass2=55872 total=111744 ====
==== 24L regression: expected_next 3/3 OK ====
==== 24L regression: TIU internal BIT-EXACT ====
