===== M2 24-layer prefill + LM head (TIU Path A', 3-prompt regression) =====
loaded esc/frms/biases (721920 B)
lmhead2 loaded (C=1024 Kc=128; centroid fp16+idx ~1.76MB, placement after CVI_RT_Init; embed_cl mmap'd)
BUILD: stage1 = h·centroid [CPU dot, ION-fp16 resident preferred]
  [start] Summary:
  [start] [0] carveout heap size:28102656 bytes, used:0 bytes
  [start] usage rate:0%, memory usage peak 26427392 bytes
  [start] 
  [start] Details:
  [start]          heap_id   alloc_buf_size         phy_addr         kmap_cnt      buffer name
  [start] 
  [start] 
  [start] minimum ion allocate unit = 4096
  [start] free memory regions:
  [start]          heap_id            start              end           length
  [start]                0         82473000         83f40000         28102656
  [start] 
layer file size = 8393728 B
GSC_ION: cached 931840 B/layer x24 = 21.33 MiB in ION
GSC_ION load done in 1.279s
  [centroid] ION fp16 resident: 1.75 MB (free_ion=5476352 B); stage1 f16->f32 on-the-fly
header.cpu_desc_count = 1
header.bd_desc_count = 1
header.tdma_desc_count = 3
header.cpu_desc_count = 1
header.bd_desc_count = 1
header.tdma_desc_count = 3
header.cpu_desc_count = 1
header.bd_desc_count = 1
header.tdma_desc_count = 3
header.cpu_desc_count = 1
header.bd_desc_count = 1
header.tdma_desc_count = 3
header.cpu_desc_count = 1
header.bd_desc_count = 1
header.tdma_desc_count = 3
header.cpu_desc_count = 1
header.bd_desc_count = 1
header.tdma_desc_count = 3
header.cpu_desc_count = 1
header.bd_desc_count = 1
header.tdma_desc_count = 3
header.cpu_desc_count = 1
header.bd_desc_count = 1
header.tdma_desc_count = 3
header.cpu_desc_count = 1
header.bd_desc_count = 1
header.tdma_desc_count = 3
header.cpu_desc_count = 1
header.bd_desc_count = 1
header.tdma_desc_count = 3
header.cpu_desc_count = 1
header.bd_desc_count = 1
header.tdma_desc_count = 3
header.cpu_desc_count = 1
header.bd_desc_count = 1
header.tdma_desc_count = 3
header.cpu_desc_count = 1
header.bd_desc_count = 1
header.tdma_desc_count = 3
header.cpu_desc_count = 1
header.bd_desc_count = 1
header.tdma_desc_count = 3
header.cpu_desc_count = 1
header.bd_desc_count = 1
header.tdma_desc_count = 3
header.cpu_desc_count = 1
header.bd_desc_count = 1
header.tdma_desc_count = 3
header.cpu_desc_count = 1
header.bd_desc_count = 1
header.tdma_desc_count = 3
header.cpu_desc_count = 1
header.bd_desc_count = 1
header.tdma_desc_count = 3
header.cpu_desc_count = 1
header.bd_desc_count = 1
header.tdma_desc_count = 3
header.cpu_desc_count = 1
header.bd_desc_count = 1
header.tdma_desc_count = 3
header.cpu_desc_count = 1
header.bd_desc_count = 1
header.tdma_desc_count = 3
header.cpu_desc_count = 1
header.bd_desc_count = 1
header.tdma_desc_count = 3
header.cpu_desc_count = 1
header.bd_desc_count = 1
header.tdma_desc_count = 3
header.cpu_desc_count = 1
header.bd_desc_count = 1
header.tdma_desc_count = 3
header.cpu_desc_count = 1
header.bd_desc_count = 1
header.tdma_desc_count = 3
header.cpu_desc_count = 1
header.bd_desc_count = 1
header.tdma_desc_count = 3
header.cpu_desc_count = 1
header.bd_desc_count = 1
header.tdma_desc_count = 3
header.cpu_desc_count = 1
header.bd_desc_count = 1
header.tdma_desc_count = 3
header.cpu_desc_count = 1
header.bd_desc_count = 1
header.tdma_desc_count = 3
header.cpu_desc_count = 1
header.bd_desc_count = 1
header.tdma_desc_count = 3
header.cpu_desc_count = 1
header.bd_desc_count = 1
header.tdma_desc_count = 3
header.cpu_desc_count = 1
header.bd_desc_count = 1
header.tdma_desc_count = 3
header.cpu_desc_count = 1
header.bd_desc_count = 1
header.tdma_desc_count = 3
header.cpu_desc_count = 1
header.bd_desc_count = 1
header.tdma_desc_count = 3
header.cpu_desc_count = 1
header.bd_desc_count = 1
header.tdma_desc_count = 3
header.cpu_desc_count = 1
header.bd_desc_count = 1
header.tdma_desc_count = 3
header.cpu_desc_count = 1
header.bd_desc_count = 1
header.tdma_desc_count = 3
header.cpu_desc_count = 1
header.bd_desc_count = 1
header.tdma_desc_count = 3
header.cpu_desc_count = 1
header.bd_desc_count = 1
header.tdma_desc_count = 3
header.cpu_desc_count = 1
header.bd_desc_count = 1
header.tdma_desc_count = 3
header.cpu_desc_count = 1
header.bd_desc_count = 1
header.tdma_desc_count = 3
header.cpu_desc_count = 1
header.bd_desc_count = 1
header.tdma_desc_count = 3
header.cpu_desc_count = 1
header.bd_desc_count = 1
header.tdma_desc_count = 3
header.cpu_desc_count = 1
header.bd_desc_count = 1
header.tdma_desc_count = 3
header.cpu_desc_count = 1
header.bd_desc_count = 1
header.tdma_desc_count = 3
header.cpu_desc_count = 1
header.bd_desc_count = 1
header.tdma_desc_count = 3
header.cpu_desc_count = 1
header.bd_desc_count = 1
header.tdma_desc_count = 3
header.cpu_desc_count = 1
header.bd_desc_count = 1
header.tdma_desc_count = 3
header.cpu_desc_count = 1
header.bd_desc_count = 1
header.tdma_desc_count = 3
header.cpu_desc_count = 1
header.bd_desc_count = 1
header.tdma_desc_count = 3
header.cpu_desc_count = 1
header.bd_desc_count = 1
header.tdma_desc_count = 3
header.cpu_desc_count = 1
header.bd_desc_count = 1
header.tdma_desc_count = 3
header.cpu_desc_count = 1
header.bd_desc_count = 1
header.tdma_desc_count = 3
header.cpu_desc_count = 1
header.bd_desc_count = 1
header.tdma_desc_count = 3
header.cpu_desc_count = 1
header.bd_desc_count = 1
header.tdma_desc_count = 3
header.cpu_desc_count = 1
header.bd_desc_count = 1
header.tdma_desc_count = 3
header.cpu_desc_count = 1
header.bd_desc_count = 1
header.tdma_desc_count = 3
header.cpu_desc_count = 1
header.bd_desc_count = 1
header.tdma_desc_count = 3
header.cpu_desc_count = 1
header.bd_desc_count = 1
header.tdma_desc_count = 3
header.cpu_desc_count = 1
header.bd_desc_count = 1
header.tdma_desc_count = 3
header.cpu_desc_count = 1
header.bd_desc_count = 1
header.tdma_desc_count = 3
header.cpu_desc_count = 1
header.bd_desc_count = 1
header.tdma_desc_count = 3
header.cpu_desc_count = 1
header.bd_desc_count = 1
header.tdma_desc_count = 3
header.cpu_desc_count = 1
header.bd_desc_count = 1
header.tdma_desc_count = 3
header.cpu_desc_count = 1
header.bd_desc_count = 1
header.tdma_desc_count = 3
header.cpu_desc_count = 1
header.bd_desc_count = 1
header.tdma_desc_count = 3
header.cpu_desc_count = 1
header.bd_desc_count = 1
header.tdma_desc_count = 3
header.cpu_desc_count = 1
header.bd_desc_count = 1
header.tdma_desc_count = 3
header.cpu_desc_count = 1
header.bd_desc_count = 1
header.tdma_desc_count = 3
header.cpu_desc_count = 1
header.bd_desc_count = 1
header.tdma_desc_count = 3
header.cpu_desc_count = 1
header.bd_desc_count = 1
header.tdma_desc_count = 3
header.cpu_desc_count = 1
header.bd_desc_count = 1
header.tdma_desc_count = 3
header.cpu_desc_count = 1
header.bd_desc_count = 1
header.tdma_desc_count = 3
header.cpu_desc_count = 1
header.bd_desc_count = 1
header.tdma_desc_count = 3
header.cpu_desc_count = 1
header.bd_desc_count = 1
header.tdma_desc_count = 3
header.cpu_desc_count = 1
header.bd_desc_count = 1
header.tdma_desc_count = 3
header.cpu_desc_count = 1
header.bd_desc_count = 1
header.tdma_desc_count = 3
header.cpu_desc_count = 1
header.bd_desc_count = 1
header.tdma_desc_count = 3
header.cpu_desc_count = 1
header.bd_desc_count = 1
header.tdma_desc_count = 3
header.cpu_desc_count = 1
header.bd_desc_count = 1
header.tdma_desc_count = 3
header.cpu_desc_count = 1
header.bd_desc_count = 1
header.tdma_desc_count = 3
header.cpu_desc_count = 1
header.bd_desc_count = 1
header.tdma_desc_count = 3
header.cpu_desc_count = 1
header.bd_desc_count = 1
header.tdma_desc_count = 3
header.cpu_desc_count = 1
header.bd_desc_count = 1
header.tdma_desc_count = 3
header.cpu_desc_count = 1
header.bd_desc_count = 1
header.tdma_desc_count = 3
header.cpu_desc_count = 1
header.bd_desc_count = 1
header.tdma_desc_count = 3
header.cpu_desc_count = 1
header.bd_desc_count = 1
header.tdma_desc_count = 3
header.cpu_desc_count = 1
header.bd_desc_count = 1
header.tdma_desc_count = 3
header.cpu_desc_count = 1
header.bd_desc_count = 1
header.tdma_desc_count = 3
header.cpu_desc_count = 1
header.bd_desc_count = 1
header.tdma_desc_count = 3
header.cpu_desc_count = 1
header.bd_desc_count = 1
header.tdma_desc_count = 3
header.cpu_desc_count = 1
header.bd_desc_count = 1
header.tdma_desc_count = 3
header.cpu_desc_count = 1
header.bd_desc_count = 1
header.tdma_desc_count = 3
header.cpu_desc_count = 1
header.bd_desc_count = 1
header.tdma_desc_count = 3
header.cpu_desc_count = 1
header.bd_desc_count = 1
header.tdma_desc_count = 3
header.cpu_desc_count = 1
header.bd_desc_count = 1
header.tdma_desc_count = 3
header.cpu_desc_count = 1
header.bd_desc_count = 1
header.tdma_desc_count = 3
header.cpu_desc_count = 1
header.bd_desc_count = 1
header.tdma_desc_count = 3
header.cpu_desc_count = 1
header.bd_desc_count = 1
header.tdma_desc_count = 3
header.cpu_desc_count = 1
header.bd_desc_count = 1
header.tdma_desc_count = 3
header.cpu_desc_count = 1
header.bd_desc_count = 1
header.tdma_desc_count = 3
header.cpu_desc_count = 1
header.bd_desc_count = 1
header.tdma_desc_count = 3
header.cpu_desc_count = 1
header.bd_desc_count = 1
header.tdma_desc_count = 3
header.cpu_desc_count = 1
header.bd_desc_count = 1
header.tdma_desc_count = 3
header.cpu_desc_count = 1
header.bd_desc_count = 1
header.tdma_desc_count = 3
header.cpu_desc_count = 1
header.bd_desc_count = 1
header.tdma_desc_count = 3
header.cpu_desc_count = 1
header.bd_desc_count = 1
header.tdma_desc_count = 3
header.cpu_desc_count = 1
header.bd_desc_count = 1
header.tdma_desc_count = 3
header.cpu_desc_count = 1
header.bd_desc_count = 1
header.tdma_desc_count = 3
header.cpu_desc_count = 1
header.bd_desc_count = 1
header.tdma_desc_count = 3
header.cpu_desc_count = 1
header.bd_desc_count = 1
header.tdma_desc_count = 3
header.cpu_desc_count = 1
header.bd_desc_count = 1
header.tdma_desc_count = 3
header.cpu_desc_count = 1
header.bd_desc_count = 1
header.tdma_desc_count = 3
header.cpu_desc_count = 1
header.bd_desc_count = 1
header.tdma_desc_count = 3
header.cpu_desc_count = 1
header.bd_desc_count = 1
header.tdma_desc_count = 3
header.cpu_desc_count = 1
header.bd_desc_count = 1
header.tdma_desc_count = 3
header.cpu_desc_count = 1
header.bd_desc_count = 1
header.tdma_desc_count = 3
header.cpu_desc_count = 1
header.bd_desc_count = 1
header.tdma_desc_count = 3
header.cpu_desc_count = 1
header.bd_desc_count = 1
header.tdma_desc_count = 3
header.cpu_desc_count = 1
header.bd_desc_count = 1
header.tdma_desc_count = 3
header.cpu_desc_count = 1
header.bd_desc_count = 1
header.tdma_desc_count = 3
header.cpu_desc_count = 1
header.bd_desc_count = 1
header.tdma_desc_count = 3
header.cpu_desc_count = 1
header.bd_desc_count = 1
header.tdma_desc_count = 3
header.cpu_desc_count = 1
header.bd_desc_count = 1
header.tdma_desc_count = 3
header.cpu_desc_count = 1
header.bd_desc_count = 1
header.tdma_desc_count = 3
header.cpu_desc_count = 1
header.bd_desc_count = 1
header.tdma_desc_count = 3
header.cpu_desc_count = 1
header.bd_desc_count = 1
header.tdma_desc_count = 3
header.cpu_desc_count = 1
header.bd_desc_count = 1
header.tdma_desc_count = 3
header.cpu_desc_count = 1
header.bd_desc_count = 1
header.tdma_desc_count = 3
header.cpu_desc_count = 1
header.bd_desc_count = 1
header.tdma_desc_count = 3
header.cpu_desc_count = 1
header.bd_desc_count = 1
header.tdma_desc_count = 3
header.cpu_desc_count = 1
header.bd_desc_count = 1
header.tdma_desc_count = 3
header.cpu_desc_count = 1
header.bd_desc_count = 1
header.tdma_desc_count = 3
header.cpu_desc_count = 1
header.bd_desc_count = 1
header.tdma_desc_count = 3
header.cpu_desc_count = 1
header.bd_desc_count = 1
header.tdma_desc_count = 3
header.cpu_desc_count = 1
header.bd_desc_count = 1
header.tdma_desc_count = 3
header.cpu_desc_count = 1
header.bd_desc_count = 1
header.tdma_desc_count = 3
header.cpu_desc_count = 1
header.bd_desc_count = 1
header.tdma_desc_count = 3
header.cpu_desc_count = 1
header.bd_desc_count = 1
header.tdma_desc_count = 3
header.cpu_desc_count = 1
header.bd_desc_count = 1
header.tdma_desc_count = 3
header.cpu_desc_count = 1
header.bd_desc_count = 1
header.tdma_desc_count = 3
header.cpu_desc_count = 1
header.bd_desc_count = 1
header.tdma_desc_count = 3
header.cpu_desc_count = 1
header.bd_desc_count = 1
header.tdma_desc_count = 3
header.cpu_desc_count = 1
header.bd_desc_count = 1
header.tdma_desc_count = 3
header.cpu_desc_count = 1
header.bd_desc_count = 1
header.tdma_desc_count = 3
header.cpu_desc_count = 1
header.bd_desc_count = 1
header.tdma_desc_count = 3
header.cpu_desc_count = 1
header.bd_desc_count = 1
header.tdma_desc_count = 3
header.cpu_desc_count = 1
header.bd_desc_count = 1
header.tdma_desc_count = 3
header.cpu_desc_count = 1
header.bd_desc_count = 1
header.tdma_desc_count = 3
header.cpu_desc_count = 1
header.bd_desc_count = 1
header.tdma_desc_count = 3
header.cpu_desc_count = 1
header.bd_desc_count = 1
header.tdma_desc_count = 3
header.cpu_desc_count = 1
header.bd_desc_count = 1
header.tdma_desc_count = 3
header.cpu_desc_count = 1
header.bd_desc_count = 1
header.tdma_desc_count = 3
header.cpu_desc_count = 1
header.bd_desc_count = 1
header.tdma_desc_count = 3
header.cpu_desc_count = 1
header.bd_desc_count = 1
header.tdma_desc_count = 3
header.cpu_desc_count = 1
header.bd_desc_count = 1
header.tdma_desc_count = 3
header.cpu_desc_count = 1
header.bd_desc_count = 1
header.tdma_desc_count = 3
header.cpu_desc_count = 1
header.bd_desc_count = 1
header.tdma_desc_count = 3
header.cpu_desc_count = 1
header.bd_desc_count = 1
header.tdma_desc_count = 3
header.cpu_desc_count = 1
header.bd_desc_count = 1
header.tdma_desc_count = 3
header.cpu_desc_count = 1
header.bd_desc_count = 1
header.tdma_desc_count = 3
header.cpu_desc_count = 1
header.bd_desc_count = 1
header.tdma_desc_count = 3
header.cpu_desc_count = 1
header.bd_desc_count = 1
header.tdma_desc_count = 3
header.cpu_desc_count = 1
header.bd_desc_count = 1
header.tdma_desc_count = 3
header.cpu_desc_count = 1
header.bd_desc_count = 1
header.tdma_desc_count = 3
header.cpu_desc_count = 1
header.bd_desc_count = 1
header.tdma_desc_count = 3
header.cpu_desc_count = 1
header.bd_desc_count = 1
header.tdma_desc_count = 3
header.cpu_desc_count = 1
header.bd_desc_count = 1
header.tdma_desc_count = 3
header.cpu_desc_count = 1
header.bd_desc_count = 1
header.tdma_desc_count = 3
header.cpu_desc_count = 1
header.bd_desc_count = 1
header.tdma_desc_count = 3
header.cpu_desc_count = 1
header.bd_desc_count = 1
header.tdma_desc_count = 3
header.cpu_desc_count = 1
header.bd_desc_count = 1
header.tdma_desc_count = 3
header.cpu_desc_count = 1
header.bd_desc_count = 1
header.tdma_desc_count = 3
header.cpu_desc_count = 1
header.bd_desc_count = 1
header.tdma_desc_count = 3
header.cpu_desc_count = 1
header.bd_desc_count = 1
header.tdma_desc_count = 3
header.cpu_desc_count = 1
header.bd_desc_count = 1
header.tdma_desc_count = 3
header.cpu_desc_count = 1
header.bd_desc_count = 1
header.tdma_desc_count = 3
header.cpu_desc_count = 1
header.bd_desc_count = 1
header.tdma_desc_count = 3
header.cpu_desc_count = 1
header.bd_desc_count = 1
header.tdma_desc_count = 3
header.cpu_desc_count = 1
header.bd_desc_count = 1
header.tdma_desc_count = 3
header.cpu_desc_count = 1
header.bd_desc_count = 1
header.tdma_desc_count = 3
header.cpu_desc_count = 1
header.bd_desc_count = 1
header.tdma_desc_count = 3
header.cpu_desc_count = 1
header.bd_desc_count = 1
header.tdma_desc_count = 3
header.cpu_desc_count = 1
header.bd_desc_count = 1
header.tdma_desc_count = 3
header.cpu_desc_count = 1
header.bd_desc_count = 1
header.tdma_desc_count = 3
header.cpu_desc_count = 1
header.bd_desc_count = 1
header.tdma_desc_count = 3
header.cpu_desc_count = 1
header.bd_desc_count = 1
header.tdma_desc_count = 3
header.cpu_desc_count = 1
header.bd_desc_count = 1
header.tdma_desc_count = 3
header.cpu_desc_count = 1
header.bd_desc_count = 1
header.tdma_desc_count = 3
header.cpu_desc_count = 1
header.bd_desc_count = 1
header.tdma_desc_count = 3
header.cpu_desc_count = 1
header.bd_desc_count = 1
header.tdma_desc_count = 3
header.cpu_desc_count = 1
header.bd_desc_count = 1
header.tdma_desc_count = 3
header.cpu_desc_count = 1
header.bd_desc_count = 1
header.tdma_desc_count = 3
header.cpu_desc_count = 1
header.bd_desc_count = 1
header.tdma_desc_count = 3
header.cpu_desc_count = 1
header.bd_desc_count = 1
header.tdma_desc_count = 3
header.cpu_desc_count = 1
header.bd_desc_count = 1
header.tdma_desc_count = 3
header.cpu_desc_count = 1
header.bd_desc_count = 1
header.tdma_desc_count = 3
header.cpu_desc_count = 1
header.bd_desc_count = 1
header.tdma_desc_count = 3
header.cpu_desc_count = 1
header.bd_desc_count = 1
header.tdma_desc_count = 3
header.cpu_desc_count = 1
header.bd_desc_count = 1
header.tdma_desc_count = 3
header.cpu_desc_count = 1
header.bd_desc_count = 1
header.tdma_desc_count = 3
header.cpu_desc_count = 1
header.bd_desc_count = 1
header.tdma_desc_count = 3
header.cpu_desc_count = 1
header.bd_desc_count = 1
header.tdma_desc_count = 3
header.cpu_desc_count = 1
header.bd_desc_count = 1
header.tdma_desc_count = 3
header.cpu_desc_count = 1
header.bd_desc_count = 1
header.tdma_desc_count = 3
header.cpu_desc_count = 1
header.bd_desc_count = 1
header.tdma_desc_count = 3
header.cpu_desc_count = 1
header.bd_desc_count = 1
header.tdma_desc_count = 3
header.cpu_desc_count = 1
header.bd_desc_count = 1
header.tdma_desc_count = 3
header.cpu_desc_count = 1
header.bd_desc_count = 1
header.tdma_desc_count = 3
header.cpu_desc_count = 1
header.bd_desc_count = 1
header.tdma_desc_count = 3
header.cpu_desc_count = 1
header.bd_desc_count = 1
header.tdma_desc_count = 3
header.cpu_desc_count = 1
header.bd_desc_count = 1
header.tdma_desc_count = 3
header.cpu_desc_count = 1
header.bd_desc_count = 1
header.tdma_desc_count = 3
header.cpu_desc_count = 1
header.bd_desc_count = 1
header.tdma_desc_count = 3
header.cpu_desc_count = 1
header.bd_desc_count = 1
header.tdma_desc_count = 3
header.cpu_desc_count = 1
header.bd_desc_count = 1
header.tdma_desc_count = 3
header.cpu_desc_count = 1
header.bd_desc_count = 1
header.tdma_desc_count = 3
header.cpu_desc_count = 1
header.bd_desc_count = 1
header.tdma_desc_count = 3
header.cpu_desc_count = 1
header.bd_desc_count = 1
header.tdma_desc_count = 3
header.cpu_desc_count = 1
header.bd_desc_count = 1
header.tdma_desc_count = 3
header.cpu_desc_count = 1
header.bd_desc_count = 1
header.tdma_desc_count = 3
header.cpu_desc_count = 1
header.bd_desc_count = 1
header.tdma_desc_count = 3
header.cpu_desc_count = 1
header.bd_desc_count = 1
header.tdma_desc_count = 3
header.cpu_desc_count = 1
header.bd_desc_count = 1
header.tdma_desc_count = 3
header.cpu_desc_count = 1
header.bd_desc_count = 1
header.tdma_desc_count = 3
header.cpu_desc_count = 1
header.bd_desc_count = 1
header.tdma_desc_count = 3
header.cpu_desc_count = 1
header.bd_desc_count = 1
header.tdma_desc_count = 3
header.cpu_desc_count = 1
header.bd_desc_count = 1
header.tdma_desc_count = 3
header.cpu_desc_count = 1
header.bd_desc_count = 1
header.tdma_desc_count = 3
header.cpu_desc_count = 1
header.bd_desc_count = 1
header.tdma_desc_count = 3
header.cpu_desc_count = 1
header.bd_desc_count = 1
header.tdma_desc_count = 3
header.cpu_desc_count = 1
header.bd_desc_count = 1
header.tdma_desc_count = 3
header.cpu_desc_count = 1
header.bd_desc_count = 1
header.tdma_desc_count = 3
header.cpu_desc_count = 1
header.bd_desc_count = 1
header.tdma_desc_count = 3
header.cpu_desc_count = 1
header.bd_desc_count = 1
header.tdma_desc_count = 3
header.cpu_desc_count = 1
header.bd_desc_count = 1
header.tdma_desc_count = 3
header.cpu_desc_count = 1
header.bd_desc_count = 1
header.tdma_desc_count = 3
header.cpu_desc_count = 1
header.bd_desc_count = 1
header.tdma_desc_count = 3
header.cpu_desc_count = 1
header.bd_desc_count = 1
header.tdma_desc_count = 3
header.cpu_desc_count = 1
header.bd_desc_count = 1
header.tdma_desc_count = 3
header.cpu_desc_count = 1
header.bd_desc_count = 1
header.tdma_desc_count = 3
header.cpu_desc_count = 1
header.bd_desc_count = 1
header.tdma_desc_count = 3
header.cpu_desc_count = 1
header.bd_desc_count = 1
header.tdma_desc_count = 3
header.cpu_desc_count = 1
header.bd_desc_count = 1
header.tdma_desc_count = 3
header.cpu_desc_count = 1
header.bd_desc_count = 1
header.tdma_desc_count = 3
header.cpu_desc_count = 1
header.bd_desc_count = 1
header.tdma_desc_count = 3
header.cpu_desc_count = 1
header.bd_desc_count = 1
header.tdma_desc_count = 3
header.cpu_desc_count = 1
header.bd_desc_count = 1
header.tdma_desc_count = 3
header.cpu_desc_count = 1
header.bd_desc_count = 1
header.tdma_desc_count = 3
header.cpu_desc_count = 1
header.bd_desc_count = 1
header.tdma_desc_count = 3
header.cpu_desc_count = 1
header.bd_desc_count = 1
header.tdma_desc_count = 3
header.cpu_desc_count = 1
header.bd_desc_count = 1
header.tdma_desc_count = 3
header.cpu_desc_count = 1
header.bd_desc_count = 1
header.tdma_desc_count = 3
header.cpu_desc_count = 1
header.bd_desc_count = 1
header.tdma_desc_count = 3
header.cpu_desc_count = 1
header.bd_desc_count = 1
header.tdma_desc_count = 3
header.cpu_desc_count = 1
header.bd_desc_count = 1
header.tdma_desc_count = 3
header.cpu_desc_count = 1
header.bd_desc_count = 1
header.tdma_desc_count = 3
header.cpu_desc_count = 1
header.bd_desc_count = 1
header.tdma_desc_count = 3
header.cpu_desc_count = 1
header.bd_desc_count = 1
header.tdma_desc_count = 3
header.cpu_desc_count = 1
header.bd_desc_count = 1
header.tdma_desc_count = 3
header.cpu_desc_count = 1
header.bd_desc_count = 1
header.tdma_desc_count = 3
header.cpu_desc_count = 1
header.bd_desc_count = 1
header.tdma_desc_count = 3
header.cpu_desc_count = 1
header.bd_desc_count = 1
header.tdma_desc_count = 3
header.cpu_desc_count = 1
header.bd_desc_count = 1
header.tdma_desc_count = 3
header.cpu_desc_count = 1
header.bd_desc_count = 1
header.tdma_desc_count = 3
header.cpu_desc_count = 1
header.bd_desc_count = 1
header.tdma_desc_count = 3
header.cpu_desc_count = 1
header.bd_desc_count = 1
header.tdma_desc_count = 3
header.cpu_desc_count = 1
header.bd_desc_count = 1
header.tdma_desc_count = 3
header.cpu_desc_count = 1
header.bd_desc_count = 1
header.tdma_desc_count = 3
header.cpu_desc_count = 1
header.bd_desc_count = 1
header.tdma_desc_count = 3
header.cpu_desc_count = 1
header.bd_desc_count = 1
header.tdma_desc_count = 3
header.cpu_desc_count = 1
header.bd_desc_count = 1
header.tdma_desc_count = 3
header.cpu_desc_count = 1
header.bd_desc_count = 1
header.tdma_desc_count = 3
header.cpu_desc_count = 1
header.bd_desc_count = 1
header.tdma_desc_count = 3
header.cpu_desc_count = 1
header.bd_desc_count = 1
header.tdma_desc_count = 3
header.cpu_desc_count = 1
header.bd_desc_count = 1
header.tdma_desc_count = 3
header.cpu_desc_count = 1
header.bd_desc_count = 1
header.tdma_desc_count = 3
header.cpu_desc_count = 1
header.bd_desc_count = 1
header.tdma_desc_count = 3
header.cpu_desc_count = 1
header.bd_desc_count = 1
header.tdma_desc_count = 3
header.cpu_desc_count = 1
header.bd_desc_count = 1
header.tdma_desc_count = 3
header.cpu_desc_count = 1
header.bd_desc_count = 1
header.tdma_desc_count = 3
header.cpu_desc_count = 1
header.bd_desc_count = 1
header.tdma_desc_count = 3
header.cpu_desc_count = 1
header.bd_desc_count = 1
header.tdma_desc_count = 3
header.cpu_desc_count = 1
header.bd_desc_count = 1
header.tdma_desc_count = 3
header.cpu_desc_count = 1
header.bd_desc_count = 1
header.tdma_desc_count = 3
header.cpu_desc_count = 1
header.bd_desc_count = 1
header.tdma_desc_count = 3
header.cpu_desc_count = 1
header.bd_desc_count = 1
header.tdma_desc_count = 3
header.cpu_desc_count = 1
header.bd_desc_count = 1
header.tdma_desc_count = 3
header.cpu_desc_count = 1
header.bd_desc_count = 1
header.tdma_desc_count = 3
header.cpu_desc_count = 1
header.bd_desc_count = 1
header.tdma_desc_count = 3
header.cpu_desc_count = 1
header.bd_desc_count = 1
header.tdma_desc_count = 3
header.cpu_desc_count = 1
header.bd_desc_count = 1
header.tdma_desc_count = 3
header.cpu_desc_count = 1
header.bd_desc_count = 1
header.tdma_desc_count = 3
header.cpu_desc_count = 1
header.bd_desc_count = 1
header.tdma_desc_count = 3
header.cpu_desc_count = 1
header.bd_desc_count = 1
header.tdma_desc_count = 3
header.cpu_desc_count = 1
header.bd_desc_count = 1
header.tdma_desc_count = 3
header.cpu_desc_count = 1
header.bd_desc_count = 1
header.tdma_desc_count = 3
header.cpu_desc_count = 1
header.bd_desc_count = 1
header.tdma_desc_count = 3
header.cpu_desc_count = 1
header.bd_desc_count = 1
header.tdma_desc_count = 3
header.cpu_desc_count = 1
header.bd_desc_count = 1
header.tdma_desc_count = 3
header.cpu_desc_count = 1
header.bd_desc_count = 1
header.tdma_desc_count = 3
header.cpu_desc_count = 1
header.bd_desc_count = 1
header.tdma_desc_count = 3
header.cpu_desc_count = 1
header.bd_desc_count = 1
header.tdma_desc_count = 3
header.cpu_desc_count = 1
header.bd_desc_count = 1
header.tdma_desc_count = 3
header.cpu_desc_count = 1
header.bd_desc_count = 1
header.tdma_desc_count = 3
header.cpu_desc_count = 1
header.bd_desc_count = 1
header.tdma_desc_count = 3
header.cpu_desc_count = 1
header.bd_desc_count = 1
header.tdma_desc_count = 3
header.cpu_desc_count = 1
header.bd_desc_count = 1
header.tdma_desc_count = 3
header.cpu_desc_count = 1
header.bd_desc_count = 1
header.tdma_desc_count = 3
header.cpu_desc_count = 1
header.bd_desc_count = 1
header.tdma_desc_count = 3
header.cpu_desc_count = 1
header.bd_desc_count = 1
header.tdma_desc_count = 3
header.cpu_desc_count = 1
header.bd_desc_count = 1
header.tdma_desc_count = 3
header.cpu_desc_count = 1
header.bd_desc_count = 1
header.tdma_desc_count = 3
header.cpu_desc_count = 1
header.bd_desc_count = 1
header.tdma_desc_count = 3
header.cpu_desc_count = 1
header.bd_desc_count = 1
header.tdma_desc_count = 3
header.cpu_desc_count = 1
header.bd_desc_count = 1
header.tdma_desc_count = 3
header.cpu_desc_count = 1
header.bd_desc_count = 1
header.tdma_desc_count = 3
header.cpu_desc_count = 1
header.bd_desc_count = 1
header.tdma_desc_count = 3
header.cpu_desc_count = 1
header.bd_desc_count = 1
header.tdma_desc_count = 3
header.cpu_desc_count = 1
header.bd_desc_count = 1
header.tdma_desc_count = 3
header.cpu_desc_count = 1
header.bd_desc_count = 1
header.tdma_desc_count = 3
header.cpu_desc_count = 1
header.bd_desc_count = 1
header.tdma_desc_count = 3
header.cpu_desc_count = 1
header.bd_desc_count = 1
header.tdma_desc_count = 3
header.cpu_desc_count = 1
header.bd_desc_count = 1
header.tdma_desc_count = 3
header.cpu_desc_count = 1
header.bd_desc_count = 1
header.tdma_desc_count = 3
header.cpu_desc_count = 1
header.bd_desc_count = 1
header.tdma_desc_count = 3
header.cpu_desc_count = 1
header.bd_desc_count = 1
header.tdma_desc_count = 3
header.cpu_desc_count = 1
header.bd_desc_count = 1
header.tdma_desc_count = 3
header.cpu_desc_count = 1
header.bd_desc_count = 1
header.tdma_desc_count = 3
header.cpu_desc_count = 1
header.bd_desc_count = 1
header.tdma_desc_count = 3
header.cpu_desc_count = 1
header.bd_desc_count = 1
header.tdma_desc_count = 3
header.cpu_desc_count = 1
header.bd_desc_count = 1
header.tdma_desc_count = 3
header.cpu_desc_count = 1
header.bd_desc_count = 1
header.tdma_desc_count = 3
header.cpu_desc_count = 1
header.bd_desc_count = 1
header.tdma_desc_count = 3
header.cpu_desc_count = 1
header.bd_desc_count = 1
header.tdma_desc_count = 3
header.cpu_desc_count = 1
header.bd_desc_count = 1
header.tdma_desc_count = 3
header.cpu_desc_count = 1
header.bd_desc_count = 1
header.tdma_desc_count = 3
header.cpu_desc_count = 1
header.bd_desc_count = 1
header.tdma_desc_count = 3
header.cpu_desc_count = 1
header.bd_desc_count = 1
header.tdma_desc_count = 3
header.cpu_desc_count = 1
header.bd_desc_count = 1
header.tdma_desc_count = 3
header.cpu_desc_count = 1
header.bd_desc_count = 1
header.tdma_desc_count = 3
header.cpu_desc_count = 1
header.bd_desc_count = 1
header.tdma_desc_count = 3
header.cpu_desc_count = 1
header.bd_desc_count = 1
header.tdma_desc_count = 3
header.cpu_desc_count = 1
header.bd_desc_count = 1
header.tdma_desc_count = 3
header.cpu_desc_count = 1
header.bd_desc_count = 1
header.tdma_desc_count = 3
header.cpu_desc_count = 1
header.bd_desc_count = 1
header.tdma_desc_count = 3
header.cpu_desc_count = 1
header.bd_desc_count = 1
header.tdma_desc_count = 3
header.cpu_desc_count = 1
header.bd_desc_count = 1
header.tdma_desc_count = 3
header.cpu_desc_count = 1
header.bd_desc_count = 1
header.tdma_desc_count = 3
header.cpu_desc_count = 1
header.bd_desc_count = 1
header.tdma_desc_count = 3
header.cpu_desc_count = 1
header.bd_desc_count = 1
header.tdma_desc_count = 3
header.cpu_desc_count = 1
header.bd_desc_count = 1
header.tdma_desc_count = 3
header.cpu_desc_count = 1
header.bd_desc_count = 1
header.tdma_desc_count = 3
header.cpu_desc_count = 1
header.bd_desc_count = 1
header.tdma_desc_count = 3
header.cpu_desc_count = 1
header.bd_desc_count = 1
header.tdma_desc_count = 3
header.cpu_desc_count = 1
header.bd_desc_count = 1
header.tdma_desc_count = 3
header.cpu_desc_count = 1
header.bd_desc_count = 1
header.tdma_desc_count = 3
header.cpu_desc_count = 1
header.bd_desc_count = 1
header.tdma_desc_count = 3
header.cpu_desc_count = 1
header.bd_desc_count = 1
header.tdma_desc_count = 3
header.cpu_desc_count = 1
header.bd_desc_count = 1
header.tdma_desc_count = 3
header.cpu_desc_count = 1
header.bd_desc_count = 1
header.tdma_desc_count = 3
header.cpu_desc_count = 1
header.bd_desc_count = 1
header.tdma_desc_count = 3
header.cpu_desc_count = 1
header.bd_desc_count = 1
header.tdma_desc_count = 3
header.cpu_desc_count = 1
header.bd_desc_count = 1
header.tdma_desc_count = 3
header.cpu_desc_count = 1
header.bd_desc_count = 1
header.tdma_desc_count = 3
header.cpu_desc_count = 1
header.bd_desc_count = 1
header.tdma_desc_count = 3
header.cpu_desc_count = 1
header.bd_desc_count = 1
header.tdma_desc_count = 3
header.cpu_desc_count = 1
header.bd_desc_count = 1
header.tdma_desc_count = 3
header.cpu_desc_count = 1
header.bd_desc_count = 1
header.tdma_desc_count = 3
header.cpu_desc_count = 1
header.bd_desc_count = 1
header.tdma_desc_count = 3
header.cpu_desc_count = 1
header.bd_desc_count = 1
header.tdma_desc_count = 3
header.cpu_desc_count = 1
header.bd_desc_count = 1
header.tdma_desc_count = 3
header.cpu_desc_count = 1
header.bd_desc_count = 1
header.tdma_desc_count = 3
header.cpu_desc_count = 1
header.bd_desc_count = 1
header.tdma_desc_count = 3
header.cpu_desc_count = 1
header.bd_desc_count = 1
header.tdma_desc_count = 3
header.cpu_desc_count = 1
header.bd_desc_count = 1
header.tdma_desc_count = 3
header.cpu_desc_count = 1
header.bd_desc_count = 1
header.tdma_desc_count = 3
header.cpu_desc_count = 1
header.bd_desc_count = 1
header.tdma_desc_count = 3
header.cpu_desc_count = 1
header.bd_desc_count = 1
header.tdma_desc_count = 3
header.cpu_desc_count = 1
header.bd_desc_count = 1
header.tdma_desc_count = 3
header.cpu_desc_count = 1
header.bd_desc_count = 1
header.tdma_desc_count = 3
header.cpu_desc_count = 1
header.bd_desc_count = 1
header.tdma_desc_count = 3
header.cpu_desc_count = 1
header.bd_desc_count = 1
header.tdma_desc_count = 3
header.cpu_desc_count = 1
header.bd_desc_count = 1
header.tdma_desc_count = 3
pools built (M=1:{128,384,896} M=3:{128,384,896} M=5/7:{128,256,768}) in 0.229s
header.cpu_desc_count = 1
header.bd_desc_count = 8
header.tdma_desc_count = 17
header.cpu_desc_count = 1
header.bd_desc_count = 8
header.tdma_desc_count = 17
header.cpu_desc_count = 1
header.bd_desc_count = 8
header.tdma_desc_count = 17
header.cpu_desc_count = 1
header.bd_desc_count = 8
header.tdma_desc_count = 17
header.cpu_desc_count = 1
header.bd_desc_count = 8
header.tdma_desc_count = 17
header.cpu_desc_count = 1
header.bd_desc_count = 8
header.tdma_desc_count = 17
header.cpu_desc_count = 1
header.bd_desc_count = 8
header.tdma_desc_count = 17
header.cpu_desc_count = 1
header.bd_desc_count = 8
header.tdma_desc_count = 17
header.cpu_desc_count = 1
header.bd_desc_count = 8
header.tdma_desc_count = 17
header.cpu_desc_count = 1
header.bd_desc_count = 8
header.tdma_desc_count = 17
header.cpu_desc_count = 1
header.bd_desc_count = 8
header.tdma_desc_count = 17
header.cpu_desc_count = 1
header.bd_desc_count = 8
header.tdma_desc_count = 17
header.cpu_desc_count = 1
header.bd_desc_count = 8
header.tdma_desc_count = 17
header.cpu_desc_count = 1
header.bd_desc_count = 8
header.tdma_desc_count = 17
header.cpu_desc_count = 1
header.bd_desc_count = 8
header.tdma_desc_count = 17
header.cpu_desc_count = 1
header.bd_desc_count = 8
header.tdma_desc_count = 17
header.cpu_desc_count = 1
header.bd_desc_count = 8
header.tdma_desc_count = 17
header.cpu_desc_count = 1
header.bd_desc_count = 8
header.tdma_desc_count = 17
header.cpu_desc_count = 1
header.bd_desc_count = 8
header.tdma_desc_count = 17
header.cpu_desc_count = 1
header.bd_desc_count = 8
header.tdma_desc_count = 17
header.cpu_desc_count = 1
header.bd_desc_count = 8
header.tdma_desc_count = 17
header.cpu_desc_count = 1
header.bd_desc_count = 8
header.tdma_desc_count = 17
header.cpu_desc_count = 1
header.bd_desc_count = 8
header.tdma_desc_count = 17
header.cpu_desc_count = 1
header.bd_desc_count = 8
header.tdma_desc_count = 17
header.cpu_desc_count = 1
header.bd_desc_count = 8
header.tdma_desc_count = 17
header.cpu_desc_count = 1
header.bd_desc_count = 8
header.tdma_desc_count = 17
header.cpu_desc_count = 1
header.bd_desc_count = 8
header.tdma_desc_count = 17
header.cpu_desc_count = 1
header.bd_desc_count = 8
header.tdma_desc_count = 17
header.cpu_desc_count = 1
header.bd_desc_count = 8
header.tdma_desc_count = 17
header.cpu_desc_count = 1
header.bd_desc_count = 8
header.tdma_desc_count = 17
header.cpu_desc_count = 1
header.bd_desc_count = 8
header.tdma_desc_count = 17
header.cpu_desc_count = 1
header.bd_desc_count = 8
header.tdma_desc_count = 17
merged pool built (M=1 up/gate: 8 tiles x 608, F=4864) in 0.026s
KV cache (INT8 per-token) = 24576 B/layer x2 + scale 768 B/layer x2 (L=24 KV_CAP=192 DKV=128)
layer read mode = mmap bare (Phase 6 baseline) | VERIFY=0 PROFILE=1 RSH=0(scan)
LMHEAD2 total=0.573s (s1=0.023s [dot=0.021s] s2=0.550s [sd=0.451s cpu=0.092s] cand=6574 VmSwap=1012kB)
PROMPT 1 (seq=3, toks=[105538 59975 100132 0 0 0 0])
NEXT_TOKEN: 2130
TOP5: 2130 68990 198 9909 7 
GAP: 0.6890
TOPVAL[2130]=17.7947
TOPVAL[68990]=17.1057
TOPVAL[198]=16.6073
TOPVAL[9909]=16.0216
TOPVAL[7]=15.8426
t_layers=20.57s t_lmhead=0.57s t_total=21.15s per_token=7.05s
  expected_next=2130  OK
LMHEAD2 total=0.677s (s1=0.023s [dot=0.021s] s2=0.654s [sd=0.550s cpu=0.104s] cand=8488 VmSwap=1500kB)
PROMPT 2 (seq=5, toks=[785 6722 315 9625 374 0 0])
NEXT_TOKEN: 12095
TOP5: 12095 7407 1304 32671 279 
GAP: 0.4508
TOPVAL[12095]=16.0385
TOPVAL[7407]=15.5878
TOPVAL[1304]=14.5642
TOPVAL[32671]=14.5126
TOPVAL[279]=14.5087
t_layers=24.83s t_lmhead=0.68s t_total=25.50s per_token=5.10s
  expected_next=12095  OK
LMHEAD2 total=0.553s (s1=0.023s [dot=0.021s] s2=0.530s [sd=0.415s cpu=0.107s] cand=6083 VmSwap=1872kB)
PROMPT 3 (seq=7, toks=[100644 104307 101243 3837 97639 85336 102077])
NEXT_TOKEN: 99366
TOP5: 99366 109280 112635 107530 3837 
GAP: 0.6824
TOPVAL[99366]=16.9796
TOPVAL[109280]=16.2971
TOPVAL[112635]=14.7623
TOPVAL[107530]=13.4151
TOPVAL[3837]=13.3296
t_layers=27.37s t_lmhead=0.55s t_total=27.92s per_token=3.99s
  expected_next=99366  OK
total wall = 74.73s (all 3 prompts)
==== P1/P2 bit-exact: bad1=0 bad2=0  r_opt mismatches=0  rsh(scan-vs-table)=0 ====
==== TIU runs: pass1=55872 pass2=55872 total=111744 ====
==== 24L regression: expected_next 3/3 OK ====
==== 24L regression: TIU internal BIT-EXACT ====
==== DECODE 实测: prefill P1(seq=3) + 3 decode steps (M=1, INT8 KV cache) ====
LMHEAD2 total=0.612s (s1=0.023s [dot=0.021s] s2=0.589s [sd=0.466s cpu=0.115s] cand=6574 VmSwap=1784kB)
PROMPT 1 (seq=3, toks=[105538 59975 100132 0 0 0 0])
NEXT_TOKEN: 2130
TOP5: 2130 68990 198 9909 7 
GAP: 0.6890
TOPVAL[2130]=17.7947
TOPVAL[68990]=17.1057
TOPVAL[198]=16.6073
TOPVAL[9909]=16.0216
TOPVAL[7]=15.8426
t_layers=20.49s t_lmhead=0.61s t_total=21.10s per_token=7.03s
  prefill done: kv_len=3 next=2130 (expected 2130)
DECODE pos=3 tok_in=2130 next=198 gap=0.4164 t_layers=16.17s t_head=0.64s (s1=0.024s s2=0.621s) cand=7253 total=16.81s VmSwap=2240kB majflt=1746
DECODE pos=4 tok_in=198 next=32 gap=4.5688 t_layers=15.41s t_head=0.60s (s1=0.024s s2=0.576s) cand=7015 total=16.01s VmSwap=2344kB majflt=1707
DECODE pos=5 tok_in=32 next=13 gap=8.6348 t_layers=14.98s t_head=0.61s (s1=0.024s s2=0.587s) cand=7525 total=15.59s VmSwap=2276kB majflt=1716
==== decode avg per-token = 16.14s over 3 steps (prefill P1 seq=3) ====
==== decode TIU runs: pass1=93312 pass2=93312 total=186624 ====
==== decode bit-exact: bad1=0 bad2=0 r_opt=0 rsh=0 ====

==== PROFILE: eng_matmul breakdown (decode M=1) ====
eng_matmul wall :    44.540s (792 calls)
  dequant_rvv   :     1.366s (  3.1%)  [CPU dequant INT4->INT8]
  copy_act      :     0.103s (  0.2%)  [activation staging]
  flush(g2l DMA):     0.398s (  0.9%)
  runcmdbuf(TIU):     8.422s ( 18.9%)  [46080 calls, 0.183 ms/call, g2l+TIU+l2g]
  invld(l2g DMA):     0.926s (  2.1%)
  verify(host)  :     0.000s (  0.0%)  [host int32 reference]
  other(accum/blockmax/fault):    30.788s ( 69.1%)
    |-blockmax   :     0.539s
    |-accum      :     1.575s
    |-final      :     0.018s
    `-other-rest :    30.788s  (wmax scan + gsc-fault + ION lat + misc)
  sum_buckets   :    44.134s | wall-sum gap = +0.4055s (计时开销/未计入)
per-matmul:
  q     :     2.736s       72 calls    37.993 ms/call
  k     :     0.859s       72 calls    11.931 ms/call
  v     :     0.883s       72 calls    12.260 ms/call
  wo    :     2.344s       72 calls    32.554 ms/call
  up    :    10.282s       72 calls   142.799 ms/call
  gate  :    11.561s       72 calls   160.563 ms/call
  down  :    15.877s      360 calls    44.102 ms/call
